Component: ARM Compiler 5.06 update 1 (build 61) Tool: armlink [4d35a8]

==============================================================================

Section Cross References

    stm32f4xx_hal_adc_ex.o(i.ADC_MultiModeDMAConvCplt) refers to main.o(i.HAL_ADC_ConvCpltCallback) for HAL_ADC_ConvCpltCallback
    stm32f4xx_hal_adc_ex.o(i.ADC_MultiModeDMAError) refers to stm32f4xx_hal_adc.o(i.HAL_ADC_ErrorCallback) for HAL_ADC_ErrorCallback
    stm32f4xx_hal_adc_ex.o(i.ADC_MultiModeDMAHalfConvCplt) refers to stm32f4xx_hal_adc.o(i.HAL_ADC_ConvHalfCpltCallback) for HAL_ADC_ConvHalfCpltCallback
    stm32f4xx_hal_adc_ex.o(i.HAL_ADCEx_InjectedPollForConversion) refers to stm32f4xx_hal.o(i.HAL_GetTick) for HAL_GetTick
    stm32f4xx_hal_adc_ex.o(i.HAL_ADCEx_InjectedStart) refers to system_stm32f4xx.o(.data) for SystemCoreClock
    stm32f4xx_hal_adc_ex.o(i.HAL_ADCEx_InjectedStart_IT) refers to system_stm32f4xx.o(.data) for SystemCoreClock
    stm32f4xx_hal_adc_ex.o(i.HAL_ADCEx_MultiModeStart_DMA) refers to stm32f4xx_hal_dma.o(i.HAL_DMA_Start_IT) for HAL_DMA_Start_IT
    stm32f4xx_hal_adc_ex.o(i.HAL_ADCEx_MultiModeStart_DMA) refers to system_stm32f4xx.o(.data) for SystemCoreClock
    stm32f4xx_hal_adc_ex.o(i.HAL_ADCEx_MultiModeStart_DMA) refers to stm32f4xx_hal_adc_ex.o(i.ADC_MultiModeDMAConvCplt) for ADC_MultiModeDMAConvCplt
    stm32f4xx_hal_adc_ex.o(i.HAL_ADCEx_MultiModeStart_DMA) refers to stm32f4xx_hal_adc_ex.o(i.ADC_MultiModeDMAHalfConvCplt) for ADC_MultiModeDMAHalfConvCplt
    stm32f4xx_hal_adc_ex.o(i.HAL_ADCEx_MultiModeStart_DMA) refers to stm32f4xx_hal_adc_ex.o(i.ADC_MultiModeDMAError) for ADC_MultiModeDMAError
    stm32f4xx_hal_adc_ex.o(i.HAL_ADCEx_MultiModeStop_DMA) refers to stm32f4xx_hal_dma.o(i.HAL_DMA_Abort) for HAL_DMA_Abort
    stm32f4xx_hal_cortex.o(i.HAL_NVIC_SetPriority) refers to stm32f4xx_hal_cortex.o(i.NVIC_SetPriority) for NVIC_SetPriority
    stm32f4xx_hal_cortex.o(i.HAL_SYSTICK_Config) refers to stm32f4xx_hal_cortex.o(i.NVIC_SetPriority) for NVIC_SetPriority
    stm32f4xx_hal_cortex.o(i.HAL_SYSTICK_IRQHandler) refers to stm32f4xx_hal_cortex.o(i.HAL_SYSTICK_Callback) for HAL_SYSTICK_Callback
    stm32f4xx_hal_gpio.o(i.HAL_GPIO_EXTI_IRQHandler) refers to main.o(i.HAL_GPIO_EXTI_Callback) for HAL_GPIO_EXTI_Callback
    stm32f4xx_hal_pwr.o(i.HAL_PWR_PVD_IRQHandler) refers to stm32f4xx_hal_pwr.o(i.HAL_PWR_PVDCallback) for HAL_PWR_PVDCallback
    stm32f4xx_hal_pwr_ex.o(i.HAL_PWREx_ControlVoltageScaling) refers to stm32f4xx_hal.o(i.HAL_GetTick) for HAL_GetTick
    stm32f4xx_hal_pwr_ex.o(i.HAL_PWREx_DisableBkUpReg) refers to stm32f4xx_hal.o(i.HAL_GetTick) for HAL_GetTick
    stm32f4xx_hal_pwr_ex.o(i.HAL_PWREx_EnableBkUpReg) refers to stm32f4xx_hal.o(i.HAL_GetTick) for HAL_GetTick
    stm32f4xx_hal_tim.o(i.HAL_TIM_Base_DeInit) refers to stm32f4xx_hal_msp.o(i.HAL_TIM_Base_MspDeInit) for HAL_TIM_Base_MspDeInit
    stm32f4xx_hal_tim.o(i.HAL_TIM_Base_Init) refers to stm32f4xx_hal_msp.o(i.HAL_TIM_Base_MspInit) for HAL_TIM_Base_MspInit
    stm32f4xx_hal_tim.o(i.HAL_TIM_Base_Init) refers to stm32f4xx_hal_tim.o(i.TIM_Base_SetConfig) for TIM_Base_SetConfig
    stm32f4xx_hal_tim.o(i.HAL_TIM_Base_Start_DMA) refers to stm32f4xx_hal_dma.o(i.HAL_DMA_Start_IT) for HAL_DMA_Start_IT
    stm32f4xx_hal_tim.o(i.HAL_TIM_Base_Start_DMA) refers to stm32f4xx_hal_tim.o(i.TIM_DMAPeriodElapsedCplt) for TIM_DMAPeriodElapsedCplt
    stm32f4xx_hal_tim.o(i.HAL_TIM_Base_Start_DMA) refers to stm32f4xx_hal_tim.o(i.TIM_DMAError) for TIM_DMAError
    stm32f4xx_hal_tim.o(i.HAL_TIM_ConfigClockSource) refers to stm32f4xx_hal_tim.o(i.TIM_ETR_SetConfig) for TIM_ETR_SetConfig
    stm32f4xx_hal_tim.o(i.HAL_TIM_ConfigClockSource) refers to stm32f4xx_hal_tim.o(i.TIM_TI1_ConfigInputStage) for TIM_TI1_ConfigInputStage
    stm32f4xx_hal_tim.o(i.HAL_TIM_ConfigClockSource) refers to stm32f4xx_hal_tim.o(i.TIM_TI2_ConfigInputStage) for TIM_TI2_ConfigInputStage
    stm32f4xx_hal_tim.o(i.HAL_TIM_ConfigClockSource) refers to stm32f4xx_hal_tim.o(i.TIM_ITRx_SetConfig) for TIM_ITRx_SetConfig
    stm32f4xx_hal_tim.o(i.HAL_TIM_ConfigOCrefClear) refers to stm32f4xx_hal_tim.o(i.TIM_ETR_SetConfig) for TIM_ETR_SetConfig
    stm32f4xx_hal_tim.o(i.HAL_TIM_DMABurst_ReadStart) refers to stm32f4xx_hal_dma.o(i.HAL_DMA_Start_IT) for HAL_DMA_Start_IT
    stm32f4xx_hal_tim.o(i.HAL_TIM_DMABurst_ReadStart) refers to stm32f4xx_hal_tim.o(i.TIM_DMAError) for TIM_DMAError
    stm32f4xx_hal_tim.o(i.HAL_TIM_DMABurst_ReadStart) refers to stm32f4xx_hal_tim.o(i.TIM_DMACaptureCplt) for TIM_DMACaptureCplt
    stm32f4xx_hal_tim.o(i.HAL_TIM_DMABurst_ReadStart) refers to stm32f4xx_hal_tim.o(i.TIM_DMAPeriodElapsedCplt) for TIM_DMAPeriodElapsedCplt
    stm32f4xx_hal_tim.o(i.HAL_TIM_DMABurst_ReadStart) refers to stm32f4xx_hal_tim_ex.o(i.TIMEx_DMACommutationCplt) for TIMEx_DMACommutationCplt
    stm32f4xx_hal_tim.o(i.HAL_TIM_DMABurst_ReadStart) refers to stm32f4xx_hal_tim.o(i.TIM_DMATriggerCplt) for TIM_DMATriggerCplt
[...]
    i.HAL_I2C_GetState                       0x08001e0a   Section        0  stm32f4xx_hal_i2c.o(i.HAL_I2C_GetState)
    i.HAL_I2C_Init                           0x08001e10   Section        0  stm32f4xx_hal_i2c.o(i.HAL_I2C_Init)
    i.HAL_I2C_ListenCpltCallback             0x08001f18   Section        0  stm32f4xx_hal_i2c.o(i.HAL_I2C_ListenCpltCallback)
    i.HAL_I2C_MasterRxCpltCallback           0x08001f1a   Section        0  stm32f4xx_hal_i2c.o(i.HAL_I2C_MasterRxCpltCallback)
    i.HAL_I2C_MasterTxCpltCallback           0x08001f1c   Section        0  stm32f4xx_hal_i2c.o(i.HAL_I2C_MasterTxCpltCallback)
    i.HAL_I2C_Master_Receive                 0x08001f20   Section        0  stm32f4xx_hal_i2c.o(i.HAL_I2C_Master_Receive)
    i.HAL_I2C_Master_Transmit                0x080020f4   Section        0  stm32f4xx_hal_i2c.o(i.HAL_I2C_Master_Transmit)
    i.HAL_I2C_MemRxCpltCallback              0x08002230   Section        0  stm32f4xx_hal_i2c.o(i.HAL_I2C_MemRxCpltCallback)
    i.HAL_I2C_MemTxCpltCallback              0x08002232   Section        0  stm32f4xx_hal_i2c.o(i.HAL_I2C_MemTxCpltCallback)
    i.HAL_I2C_MspInit                        0x08002234   Section        0  stm32f4xx_hal_msp.o(i.HAL_I2C_MspInit)
    i.HAL_I2C_SlaveRxCpltCallback            0x080022d4   Section        0  stm32f4xx_hal_i2c.o(i.HAL_I2C_SlaveRxCpltCallback)
    i.HAL_I2C_SlaveTxCpltCallback            0x080022d6   Section        0  stm32f4xx_hal_i2c.o(i.HAL_I2C_SlaveTxCpltCallback)
    i.HAL_IncTick                            0x080022d8   Section        0  stm32f4xx_hal.o(i.HAL_IncTick)
    i.HAL_Init                               0x080022e8   Section        0  stm32f4xx_hal.o(i.HAL_Init)
    i.HAL_InitTick                           0x0800231c   Section        0  stm32f4xx_hal.o(i.HAL_InitTick)
    i.HAL_MspInit                            0x0800233e   Section        0  stm32f4xx_hal_msp.o(i.HAL_MspInit)
    i.HAL_NVIC_EnableIRQ                     0x08002382   Section        0  stm32f4xx_hal_cortex.o(i.HAL_NVIC_EnableIRQ)
    i.HAL_NVIC_SetPriority                   0x08002398   Section        0  stm32f4xx_hal_cortex.o(i.HAL_NVIC_SetPriority)
    i.HAL_NVIC_SetPriorityGrouping           0x080023d8   Section        0  stm32f4xx_hal_cortex.o(i.HAL_NVIC_SetPriorityGrouping)
    i.HAL_RCC_ClockConfig                    0x080023fc   Section        0  stm32f4xx_hal_rcc.o(i.HAL_RCC_ClockConfig)
    i.HAL_RCC_GetHCLKFreq                    0x0800253c   Section        0  stm32f4xx_hal_rcc.o(i.HAL_RCC_GetHCLKFreq)
    i.HAL_RCC_GetPCLK1Freq                   0x08002570   Section        0  stm32f4xx_hal_rcc.o(i.HAL_RCC_GetPCLK1Freq)
    i.HAL_RCC_GetPCLK2Freq                   0x0800259c   Section        0  stm32f4xx_hal_rcc.o(i.HAL_RCC_GetPCLK2Freq)
    i.HAL_RCC_GetSysClockFreq                0x080025c8   Section        0  stm32f4xx_hal_rcc.o(i.HAL_RCC_GetSysClockFreq)
    i.HAL_RCC_OscConfig                      0x08002638   Section        0  stm32f4xx_hal_rcc.o(i.HAL_RCC_OscConfig)
    i.HAL_SYSTICK_CLKSourceConfig            0x0800291c   Section        0  stm32f4xx_hal_cortex.o(i.HAL_SYSTICK_CLKSourceConfig)
    i.HAL_SYSTICK_Callback                   0x08002934   Section        0  stm32f4xx_hal_cortex.o(i.HAL_SYSTICK_Callback)
    i.HAL_SYSTICK_Config                     0x08002936   Section        0  stm32f4xx_hal_cortex.o(i.HAL_SYSTICK_Config)
    i.HAL_SYSTICK_IRQHandler                 0x0800295e   Section        0  stm32f4xx_hal_cortex.o(i.HAL_SYSTICK_IRQHandler)
    i.HAL_TIMEx_BreakCallback                0x08002966   Section        0  stm32f4xx_hal_tim_ex.o(i.HAL_TIMEx_BreakCallback)
    i.HAL_TIMEx_CommutationCallback          0x08002968   Section        0  stm32f4xx_hal_tim_ex.o(i.HAL_TIMEx_CommutationCallback)
    i.HAL_TIMEx_MasterConfigSynchronization  0x0800296a   Section        0  stm32f4xx_hal_tim_ex.o(i.HAL_TIMEx_MasterConfigSynchronization)
    i.HAL_TIM_Base_Init                      0x080029ba   Section        0  stm32f4xx_hal_tim.o(i.HAL_TIM_Base_Init)
    i.HAL_TIM_Base_MspInit                   0x080029f0   Section        0  stm32f4xx_hal_msp.o(i.HAL_TIM_Base_MspInit)
    i.HAL_TIM_Base_Start_IT                  0x08002a5c   Section        0  stm32f4xx_hal_tim.o(i.HAL_TIM_Base_Start_IT)
    i.HAL_TIM_ConfigClockSource              0x08002a74   Section        0  stm32f4xx_hal_tim.o(i.HAL_TIM_ConfigClockSource)
    i.HAL_TIM_IC_CaptureCallback             0x08002b66   Section        0  stm32f4xx_hal_tim.o(i.HAL_TIM_IC_CaptureCallback)
    i.HAL_TIM_IRQHandler                     0x08002b68   Section        0  stm32f4xx_hal_tim.o(i.HAL_TIM_IRQHandler)
    i.HAL_TIM_MspPostInit                    0x08002cd0   Section        0  stm32f4xx_hal_msp.o(i.HAL_TIM_MspPostInit)
    i.HAL_TIM_OC_DelayElapsedCallback        0x08002d24   Section        0  stm32f4xx_hal_tim.o(i.HAL_TIM_OC_DelayElapsedCallback)
    i.HAL_TIM_PWM_ConfigChannel              0x08002d26   Section        0  stm32f4xx_hal_tim.o(i.HAL_TIM_PWM_ConfigChannel)
    i.HAL_TIM_PWM_Init                       0x08002df6   Section        0  stm32f4xx_hal_tim.o(i.HAL_TIM_PWM_Init)
    i.HAL_TIM_PWM_MspInit                    0x08002e2c   Section        0  stm32f4xx_hal_tim.o(i.HAL_TIM_PWM_MspInit)
    i.HAL_TIM_PWM_PulseFinishedCallback      0x08002e2e   Section        0  stm32f4xx_hal_tim.o(i.HAL_TIM_PWM_PulseFinishedCallback)
    i.HAL_TIM_PWM_Start                      0x08002e30   Section        0  stm32f4xx_hal_tim.o(i.HAL_TIM_PWM_Start)
    i.HAL_TIM_PeriodElapsedCallback          0x08002e68   Section        0  main.o(i.HAL_TIM_PeriodElapsedCallback)
    i.HAL_TIM_TriggerCallback                0x08002ee8   Section        0  stm32f4xx_hal_tim.o(i.HAL_TIM_TriggerCallback)
    i.HAL_UART_ErrorCallback                 0x08002eea   Section        0  stm32f4xx_hal_uart.o(i.HAL_UART_ErrorCallback)
    i.HAL_UART_IRQHandler                    0x08002eec   Section        0  stm32f4xx_hal_uart.o(i.HAL_UART_IRQHandler)
    i.HAL_UART_Init                          0x08002fd4   Section        0  stm32f4xx_hal_uart.o(i.HAL_UART_Init)
    i.HAL_UART_MspInit                       0x08003038   Section        0  stm32f4xx_hal_msp.o(i.HAL_UART_MspInit)
    i.HAL_UART_Receive_DMA                   0x080030c8   Section        0  stm32f4xx_hal_uart.o(i.HAL_UART_Receive_DMA)
    i.HAL_UART_RxCpltCallback                0x08003140   Section        0  stm32f4xx_hal_uart.o(i.HAL_UART_RxCpltCallback)
    i.HAL_UART_RxHalfCpltCallback            0x08003142   Section        0  stm32f4xx_hal_uart.o(i.HAL_UART_RxHalfCpltCallback)
    i.HAL_UART_Transmit_IT                   0x08003144   Section        0  stm32f4xx_hal_uart.o(i.HAL_UART_Transmit_IT)
    i.HAL_UART_TxCpltCallback                0x08003182   Section        0  stm32f4xx_hal_uart.o(i.HAL_UART_TxCpltCallback)
    i.HardFault_Handler                      0x08003184   Section        0  stm32f4xx_it.o(i.HardFault_Handler)
    i.I2C1_ER_IRQHandler                     0x08003188   Section        0  stm32f4xx_it.o(i.I2C1_ER_IRQHandler)
    i.I2C1_EV_IRQHandler                     0x08003194   Section        0  stm32f4xx_it.o(i.I2C1_EV_IRQHandler)
    i.I2C_IsAcknowledgeFailed                0x080031a0   Section        0  stm32f4xx_hal_i2c.o(i.I2C_IsAcknowledgeFailed)
    I2C_IsAcknowledgeFailed                  0x080031a1   Thumb Code    40  stm32f4xx_hal_i2c.o(i.I2C_IsAcknowledgeFailed)
    i.I2C_MasterReceive_BTF                  0x080031c8   Section        0  stm32f4xx_hal_i2c.o(i.I2C_MasterReceive_BTF)
    I2C_MasterReceive_BTF                    0x080031c9   Thumb Code   226  stm32f4xx_hal_i2c.o(i.I2C_MasterReceive_BTF)
    i.I2C_MasterReceive_RXNE                 0x080032b0   Section        0  stm32f4xx_hal_i2c.o(i.I2C_MasterReceive_RXNE)
    I2C_MasterReceive_RXNE                   0x080032b1   Thumb Code   178  stm32f4xx_hal_i2c.o(i.I2C_MasterReceive_RXNE)
    i.I2C_MasterRequestRead                  0x08003362   Section        0  stm32f4xx_hal_i2c.o(i.I2C_MasterRequestRead)
    I2C_MasterRequestRead                    0x08003363   Thumb Code   212  stm32f4xx_hal_i2c.o(i.I2C_MasterRequestRead)
    i.I2C_MasterRequestWrite                 0x08003438   Section        0  stm32f4xx_hal_i2c.o(i.I2C_MasterRequestWrite)
    I2C_MasterRequestWrite                   0x08003439   Thumb Code   138  stm32f4xx_hal_i2c.o(i.I2C_MasterRequestWrite)
    i.I2C_MasterTransmit_BTF                 0x080034c8   Section        0  stm32f4xx_hal_i2c.o(i.I2C_MasterTransmit_BTF)
    I2C_MasterTransmit_BTF                   0x080034c9   Thumb Code   134  stm32f4xx_hal_i2c.o(i.I2C_MasterTransmit_BTF)
    i.I2C_ReadBuffer                         0x08003550   Section        0  main.o(i.I2C_ReadBuffer)
    i.I2C_Slave_AF                           0x0800359c   Section        0  stm32f4xx_hal_i2c.o(i.I2C_Slave_AF)
    I2C_Slave_AF                             0x0800359d   Thumb Code   142  stm32f4xx_hal_i2c.o(i.I2C_Slave_AF)
    i.I2C_Slave_STOPF                        0x08003630   Section        0  stm32f4xx_hal_i2c.o(i.I2C_Slave_STOPF)
    I2C_Slave_STOPF                          0x08003631   Thumb Code   106  stm32f4xx_hal_i2c.o(i.I2C_Slave_STOPF)
    i.I2C_WaitOnFlagUntilTimeout             0x080036a0   Section        0  stm32f4xx_hal_i2c.o(i.I2C_WaitOnFlagUntilTimeout)
    I2C_WaitOnFlagUntilTimeout               0x080036a1   Thumb Code   142  stm32f4xx_hal_i2c.o(i.I2C_WaitOnFlagUntilTimeout)
    i.I2C_WaitOnMasterAddressFlagUntilTimeout 0x08003730   Section        0  stm32f4xx_hal_i2c.o(i.I2C_WaitOnMasterAddressFlagUntilTimeout)
    I2C_WaitOnMasterAddressFlagUntilTimeout  0x08003731   Thumb Code   140  stm32f4xx_hal_i2c.o(i.I2C_WaitOnMasterAddressFlagUntilTimeout)
    i.I2C_WaitOnRXNEFlagUntilTimeout         0x080037bc   Section        0  stm32f4xx_hal_i2c.o(i.I2C_WaitOnRXNEFlagUntilTimeout)
    I2C_WaitOnRXNEFlagUntilTimeout           0x080037bd   Thumb Code   104  stm32f4xx_hal_i2c.o(i.I2C_WaitOnRXNEFlagUntilTimeout)
    i.I2C_WaitOnTXEFlagUntilTimeout          0x08003824   Section        0  stm32f4xx_hal_i2c.o(i.I2C_WaitOnTXEFlagUntilTimeout)
    I2C_WaitOnTXEFlagUntilTimeout            0x08003825   Thumb Code    82  stm32f4xx_hal_i2c.o(i.I2C_WaitOnTXEFlagUntilTimeout)
    i.I2C_WriteBuffer                        0x08003878   Section        0  main.o(i.I2C_WriteBuffer)
    i.MX_ADC1_Init                           0x080038c8   Section        0  main.o(i.MX_ADC1_Init)
    MX_ADC1_Init                             0x080038c9   Thumb Code    54  main.o(i.MX_ADC1_Init)
    i.MX_GPIO_Init                           0x08003908   Section        0  main.o(i.MX_GPIO_Init)
    MX_GPIO_Init                             0x08003909   Thumb Code   354  main.o(i.MX_GPIO_Init)
    i.MX_TIM3_Init                           0x08003a84   Section        0  main.o(i.MX_TIM3_Init)
    MX_TIM3_Init                             0x08003a85   Thumb Code   102  main.o(i.MX_TIM3_Init)
    i.MX_TIM4_Init                           0x08003af4   Section        0  main.o(i.MX_TIM4_Init)
    MX_TIM4_Init                             0x08003af5   Thumb Code   122  main.o(i.MX_TIM4_Init)
    i.MemManage_Handler                      0x08003b78   Section        0  stm32f4xx_it.o(i.MemManage_Handler)
    i.Motor_Left_Position_PID                0x08003b7c   Section        0  main.o(i.Motor_Left_Position_PID)
    i.Motor_Right_Position_PID               0x08003cac   Section        0  main.o(i.Motor_Right_Position_PID)
    i.Motorpid_1                             0x08003ddc   Section        0  main.o(i.Motorpid_1)
    i.Motorpid_2                             0x08003eb4   Section        0  main.o(i.Motorpid_2)
    i.NMI_Handler                            0x08003f94   Section        0  stm32f4xx_it.o(i.NMI_Handler)
    i.NVIC_SetPriority                       0x08003f96   Section        0  stm32f4xx_hal_cortex.o(i.NVIC_SetPriority)
    NVIC_SetPriority                         0x08003f97   Thumb Code    32  stm32f4xx_hal_cortex.o(i.NVIC_SetPriority)
    i.RTC_BCD2DEC                            0x08003fb6   Section        0  main.o(i.RTC_BCD2DEC)
    i.RTC_GetTime                            0x08003fc8   Section        0  main.o(i.RTC_GetTime)
    i.Send_Data                              0x080040dc   Section        0  main.o(i.Send_Data)
    i.Settings_agr                           0x08004180   Section        0  main.o(i.Settings_agr)
    i.Sonic                                  0x08004200   Section        0  main.o(i.Sonic)
    i.Sonic_Left                             0x080042a8   Section        0  main.o(i.Sonic_Left)
    i.Sonic_Right                            0x08004348   Section        0  main.o(i.Sonic_Right)
    i.Stop                                   0x080043e0   Section        0  main.o(i.Stop)
    i.Stuck_For_Back                         0x0800442c   Section        0  main.o(i.Stuck_For_Back)
    i.Stuck_For_Straight                     0x080044cc   Section        0  main.o(i.Stuck_For_Straight)
    i.SysTick_Handler                        0x08004504   Section        0  stm32f4xx_it.o(i.SysTick_Handler)
    i.SystemClock_Config                     0x08004514   Section        0  main.o(i.SystemClock_Config)
    i.SystemInit                             0x080045a8   Section        0  system_stm32f4xx.o(i.SystemInit)
    i.TIM2_IRQHandler                        0x080045fc   Section        0  stm32f4xx_it.o(i.TIM2_IRQHandler)
    i.TIM_Base_SetConfig                     0x08004608   Section        0  stm32f4xx_hal_tim.o(i.TIM_Base_SetConfig)
    i.TIM_CCxChannelCmd                      0x080046c8   Section        0  stm32f4xx_hal_tim.o(i.TIM_CCxChannelCmd)
    i.TIM_ETR_SetConfig                      0x080046de   Section        0  stm32f4xx_hal_tim.o(i.TIM_ETR_SetConfig)
    TIM_ETR_SetConfig                        0x080046df   Thumb Code    20  stm32f4xx_hal_tim.o(i.TIM_ETR_SetConfig)
    i.TIM_ITRx_SetConfig                     0x080046f2   Section        0  stm32f4xx_hal_tim.o(i.TIM_ITRx_SetConfig)
    TIM_ITRx_SetConfig                       0x080046f3   Thumb Code    16  stm32f4xx_hal_tim.o(i.TIM_ITRx_SetConfig)
    i.TIM_OC1_SetConfig                      0x08004704   Section        0  stm32f4xx_hal_tim.o(i.TIM_OC1_SetConfig)
    TIM_OC1_SetConfig                        0x08004705   Thumb Code    80  stm32f4xx_hal_tim.o(i.TIM_OC1_SetConfig)
    i.TIM_OC2_SetConfig                      0x0800475c   Section        0  stm32f4xx_hal_tim.o(i.TIM_OC2_SetConfig)
    i.TIM_OC3_SetConfig                      0x080047c0   Section        0  stm32f4xx_hal_tim.o(i.TIM_OC3_SetConfig)
    TIM_OC3_SetConfig                        0x080047c1   Thumb Code    88  stm32f4xx_hal_tim.o(i.TIM_OC3_SetConfig)
    i.TIM_OC4_SetConfig                      0x08004820   Section        0  stm32f4xx_hal_tim.o(i.TIM_OC4_SetConfig)
    TIM_OC4_SetConfig                        0x08004821   Thumb Code    70  stm32f4xx_hal_tim.o(i.TIM_OC4_SetConfig)
    i.TIM_TI1_ConfigInputStage               0x08004870   Section        0  stm32f4xx_hal_tim.o(i.TIM_TI1_ConfigInputStage)
    TIM_TI1_ConfigInputStage                 0x08004871   Thumb Code    34  stm32f4xx_hal_tim.o(i.TIM_TI1_ConfigInputStage)
    i.TIM_TI2_ConfigInputStage               0x08004892   Section        0  stm32f4xx_hal_tim.o(i.TIM_TI2_ConfigInputStage)
    TIM_TI2_ConfigInputStage                 0x08004893   Thumb Code    36  stm32f4xx_hal_tim.o(i.TIM_TI2_ConfigInputStage)
    i.UART_DMAError                          0x080048b6   Section        0  stm32f4xx_hal_uart.o(i.UART_DMAError)
    UART_DMAError                            0x080048b7   Thumb Code    34  stm32f4xx_hal_uart.o(i.UART_DMAError)
    i.UART_DMAReceiveCplt                    0x080048d8   Section        0  stm32f4xx_hal_uart.o(i.UART_DMAReceiveCplt)
    UART_DMAReceiveCplt                      0x080048d9   Thumb Code    40  stm32f4xx_hal_uart.o(i.UART_DMAReceiveCplt)
    i.UART_DMARxHalfCplt                     0x08004900   Section        0  stm32f4xx_hal_uart.o(i.UART_DMARxHalfCplt)
    UART_DMARxHalfCplt                       0x08004901   Thumb Code    10  stm32f4xx_hal_uart.o(i.UART_DMARxHalfCplt)
    i.UART_Receive_IT                        0x0800490a   Section        0  stm32f4xx_hal_uart.o(i.UART_Receive_IT)
    UART_Receive_IT                          0x0800490b   Thumb Code   150  stm32f4xx_hal_uart.o(i.UART_Receive_IT)
    i.UART_SetConfig                         0x080049a0   Section        0  stm32f4xx_hal_uart.o(i.UART_SetConfig)
    UART_SetConfig                           0x080049a1   Thumb Code   676  stm32f4xx_hal_uart.o(i.UART_SetConfig)
    i.UART_Transmit_IT                       0x08004c4c   Section        0  stm32f4xx_hal_uart.o(i.UART_Transmit_IT)
    UART_Transmit_IT                         0x08004c4d   Thumb Code    98  stm32f4xx_hal_uart.o(i.UART_Transmit_IT)
    i.USART2_IRQHandler                      0x08004cb0   Section        0  stm32f4xx_it.o(i.USART2_IRQHandler)
    i.UsageFault_Handler                     0x08004cbc   Section        0  stm32f4xx_it.o(i.UsageFault_Handler)
    i.Zigziag_Mode                           0x08004cc0   Section        0  main.o(i.Zigziag_Mode)
    i.__0printf$bare                         0x08004e74   Section        0  printfb.o(i.__0printf$bare)
    i.__ARM_fpclassify                       0x08004e84   Section        0  fpclassify.o(i.__ARM_fpclassify)
    i.__hardfp_cos                           0x08004eb8   Section        0  cos.o(i.__hardfp_cos)
    i.__hardfp_sin                           0x08004f80   Section        0  sin.o(i.__hardfp_sin)
    i.__ieee754_rem_pio2                     0x08005048   Section        0  rred.o(i.__ieee754_rem_pio2)
    i.__kernel_cos                           0x08005480   Section        0  cos_i.o(i.__kernel_cos)
    i.__kernel_poly                          0x080055f0   Section        0  poly.o(i.__kernel_poly)
    i.__kernel_sin                           0x080056e8   Section        0  sin_i.o(i.__kernel_sin)
    i.__mathlib_dbl_infnan                   0x08005818   Section        0  dunder.o(i.__mathlib_dbl_infnan)
    i.__mathlib_dbl_invalid                  0x08005830   Section        0  dunder.o(i.__mathlib_dbl_invalid)
    i.__mathlib_dbl_underflow                0x08005850   Section        0  dunder.o(i.__mathlib_dbl_underflow)
    i.__scatterload_copy                     0x08005870   Section       14  handlers.o(i.__scatterload_copy)
    i.__scatterload_null                     0x0800587e   Section        2  handlers.o(i.__scatterload_null)
    i.__scatterload_zeroinit                 0x08005880   Section       14  handlers.o(i.__scatterload_zeroinit)
    i.__set_errno                            0x08005890   Section        0  errno.o(i.__set_errno)
    i._printf_core                           0x0800589c   Section        0  printfb.o(i._printf_core)
    _printf_core                             0x0800589d   Thumb Code    34  printfb.o(i._printf_core)
    i.delay_us                               0x080058c0   Section        0  main.o(i.delay_us)
    i.fabs                                   0x08005904   Section        0  fabs.o(i.fabs)
    i.fputc                                  0x0800591c   Section        0  fputc.o(i.fputc)
    i.main                                   0x08005930   Section        0  main.o(i.main)
    .constdata                               0x08005b10   Section       16  stm32f4xx_hal_rcc.o(.constdata)
    .constdata                               0x08005b20   Section        8  stm32f4xx_hal_dma.o(.constdata)
    flagBitshiftOffset                       0x08005b20   Data           8  stm32f4xx_hal_dma.o(.constdata)
    .constdata                               0x08005b28   Section       48  cos_i.o(.constdata)
    C                                        0x08005b28   Data          48  cos_i.o(.constdata)
    .constdata                               0x08005b58   Section      200  rred.o(.constdata)
    pio2s                                    0x08005b58   Data          48  rred.o(.constdata)
    twooverpi                                0x08005b88   Data         152  rred.o(.constdata)
    .constdata                               0x08005c20   Section       40  sin_i.o(.constdata)
    S                                        0x08005c20   Data          40  sin_i.o(.constdata)
    .data                                    0x20000000   Section        4  stm32f4xx_hal.o(.data)
    .data                                    0x20000004   Section        4  system_stm32f4xx.o(.data)
    .data                                    0x20000008   Section      420  main.o(.data)
    .data                                    0x200001ac   Section        4  stdout.o(.data)
    .data                                    0x200001b0   Section        4  errno.o(.data)
    _errno                                   0x200001b0   Data           4  errno.o(.data)
    .bss                                     0x200001b4   Section      450  main.o(.bss)
    .bss                                     0x20000378   Section       88  main.o(.bss)
    .bss                                     0x200003d0   Section       88  main.o(.bss)
    STACK                                    0x20000428   Section     1024  startup_stm32f407xx.o(STACK)

    Global Symbols

    Symbol Name                              Value     Ov Type        Size  Object(Section)

    BuildAttributes$$THM_ISAv4$E$P$D$K$B$S$7EM$VFPi3$EXTD16$VFPS$VFMA$PE$A:L22UL41UL21$X:L11$S22US41US21$IEEE1$IW$USESV6$~STKCKD$USESV7$~SHL$OTIME$ROPI$IEEEX$EBA8$MICROLIB$REQ8$PRES8$EABIv2 0x00000000   Number         0  anon$$obj.o ABSOLUTE
    __ARM_use_no_argv                        0x00000000   Number         0  main.o ABSOLUTE
    __cpp_initialize__aeabi_                  - Undefined Weak Reference
    __cxa_finalize                            - Undefined Weak Reference
    _clock_init                               - Undefined Weak Reference
    _microlib_exit                            - Undefined Weak Reference
    __Vectors_Size                           0x00000188   Number         0  startup_stm32f407xx.o ABSOLUTE
    __Vectors                                0x08000000   Data           4  startup_stm32f407xx.o(RESET)
    __Vectors_End                            0x08000188   Data           0  startup_stm32f407xx.o(RESET)
    __main                                   0x08000189   Thumb Code     0  entry.o(.ARM.Collect$$$$00000000)
    _main_stk                                0x08000189   Thumb Code     0  entry2.o(.ARM.Collect$$$$00000001)
    _main_scatterload                        0x0800018d   Thumb Code     0  entry5.o(.ARM.Collect$$$$00000004)
    __main_after_scatterload                 0x08000191   Thumb Code     0  entry5.o(.ARM.Collect$$$$00000004)
    _main_clock                              0x08000191   Thumb Code     0  entry7b.o(.ARM.Collect$$$$00000008)
    _main_cpp_init                           0x08000191   Thumb Code     0  entry8b.o(.ARM.Collect$$$$0000000A)
    _main_init                               0x08000191   Thumb Code     0  entry9a.o(.ARM.Collect$$$$0000000B)
    __rt_final_cpp                           0x08000199   Thumb Code     0  entry10a.o(.ARM.Collect$$$$0000000D)
    __rt_final_exit                          0x08000199   Thumb Code     0  entry11a.o(.ARM.Collect$$$$0000000F)
    Reset_Handler                            0x0800019d   Thumb Code     8  startup_stm32f407xx.o(.text)
    SVC_Handler                              0x080001af   Thumb Code     2  startup_stm32f407xx.o(.text)
    PendSV_Handler                           0x080001b3   Thumb Code     2  startup_stm32f407xx.o(.text)
    CAN1_RX0_IRQHandler                      0x080001b7   Thumb Code     0  startup_stm32f407xx.o(.text)
    CAN1_RX1_IRQHandler                      0x080001b7   Thumb Code     0  startup_stm32f407xx.o(.text)
    CAN1_SCE_IRQHandler                      0x080001b7   Thumb Code     0  startup_stm32f407xx.o(.text)
    CAN1_TX_IRQHandler                       0x080001b7   Thumb Code     0  startup_stm32f407xx.o(.text)
    CAN2_RX0_IRQHandler                      0x080001b7   Thumb Code     0  startup_stm32f407xx.o(.text)
    CAN2_RX1_IRQHandler                      0x080001b7   Thumb Code     0  startup_stm32f407xx.o(.text)
    CAN2_SCE_IRQHandler                      0x080001b7   Thumb Code     0  startup_stm32f407xx.o(.text)
    CAN2_TX_IRQHandler                       0x080001b7   Thumb Code     0  startup_stm32f407xx.o(.text)
    DCMI_IRQHandler                          0x080001b7   Thumb Code     0  startup_stm32f407xx.o(.text)
    DMA1_Stream1_IRQHandler                  0x080001b7   Thumb Code     0  startup_stm32f407xx.o(.text)
    DMA1_Stream2_IRQHandler                  0x080001b7   Thumb Code     0  startup_stm32f407xx.o(.text)
    DMA1_Stream3_IRQHandler                  0x080001b7   Thumb Code     0  startup_stm32f407xx.o(.text)
    DMA1_Stream4_IRQHandler                  0x080001b7   Thumb Code     0  startup_stm32f407xx.o(.text)
    DMA1_Stream6_IRQHandler                  0x080001b7   Thumb Code     0  startup_stm32f407xx.o(.text)
    DMA1_Stream7_IRQHandler                  0x080001b7   Thumb Code     0  startup_stm32f407xx.o(.text)
    DMA2_Stream0_IRQHandler                  0x080001b7   Thumb Code     0  startup_stm32f407xx.o(.text)
    DMA2_Stream1_IRQHandler                  0x080001b7   Thumb Code     0  startup_stm32f407xx.o(.text)
    DMA2_Stream2_IRQHandler                  0x080001b7   Thumb Code     0  startup_stm32f407xx.o(.text)
    DMA2_Stream3_IRQHandler                  0x080001b7   Thumb Code     0  startup_stm32f407xx.o(.text)
    DMA2_Stream4_IRQHandler                  0x080001b7   Thumb Code     0  startup_stm32f407xx.o(.text)
    DMA2_Stream5_IRQHandler                  0x080001b7   Thumb Code     0  startup_stm32f407xx.o(.text)
    DMA2_Stream6_IRQHandler                  0x080001b7   Thumb Code     0  startup_stm32f407xx.o(.text)
    DMA2_Stream7_IRQHandler                  0x080001b7   Thumb Code     0  startup_stm32f407xx.o(.text)
    ETH_IRQHandler                           0x080001b7   Thumb Code     0  startup_stm32f407xx.o(.text)
    ETH_WKUP_IRQHandler                      0x080001b7   Thumb Code     0  startup_stm32f407xx.o(.text)
    EXTI15_10_IRQHandler                     0x080001b7   Thumb Code     0  startup_stm32f407xx.o(.text)
    EXTI1_IRQHandler                         0x080001b7   Thumb Code     0  startup_stm32f407xx.o(.text)
    EXTI2_IRQHandler                         0x080001b7   Thumb Code     0  startup_stm32f407xx.o(.text)
    EXTI3_IRQHandler                         0x080001b7   Thumb Code     0  startup_stm32f407xx.o(.text)
    FLASH_IRQHandler                         0x080001b7   Thumb Code     0  startup_stm32f407xx.o(.text)
    FMC_IRQHandler                           0x080001b7   Thumb Code     0  startup_stm32f407xx.o(.text)
    FPU_IRQHandler                           0x080001b7   Thumb Code     0  startup_stm32f407xx.o(.text)
    HASH_RNG_IRQHandler                      0x080001b7   Thumb Code     0  startup_stm32f407xx.o(.text)
    I2C2_ER_IRQHandler                       0x080001b7   Thumb Code     0  startup_stm32f407xx.o(.text)
    I2C2_EV_IRQHandler                       0x080001b7   Thumb Code     0  startup_stm32f407xx.o(.text)
    I2C3_ER_IRQHandler                       0x080001b7   Thumb Code     0  startup_stm32f407xx.o(.text)
    I2C3_EV_IRQHandler                       0x080001b7   Thumb Code     0  startup_stm32f407xx.o(.text)
    OTG_FS_IRQHandler                        0x080001b7   Thumb Code     0  startup_stm32f407xx.o(.text)
    OTG_FS_WKUP_IRQHandler                   0x080001b7   Thumb Code     0  startup_stm32f407xx.o(.text)
    OTG_HS_EP1_IN_IRQHandler                 0x080001b7   Thumb Code     0  startup_stm32f407xx.o(.text)
    OTG_HS_EP1_OUT_IRQHandler                0x080001b7   Thumb Code     0  startup_stm32f407xx.o(.text)
    OTG_HS_IRQHandler                        0x080001b7   Thumb Code     0  startup_stm32f407xx.o(.text)
    OTG_HS_WKUP_IRQHandler                   0x080001b7   Thumb Code     0  startup_stm32f407xx.o(.text)
    PVD_IRQHandler                           0x080001b7   Thumb Code     0  startup_stm32f407xx.o(.text)
    RCC_IRQHandler                           0x080001b7   Thumb Code     0  startup_stm32f407xx.o(.text)
    RTC_Alarm_IRQHandler                     0x080001b7   Thumb Code     0  startup_stm32f407xx.o(.text)
    RTC_WKUP_IRQHandler                      0x080001b7   Thumb Code     0  startup_stm32f407xx.o(.text)
    SDIO_IRQHandler                          0x080001b7   Thumb Code     0  startup_stm32f407xx.o(.text)
    SPI1_IRQHandler                          0x080001b7   Thumb Code     0  startup_stm32f407xx.o(.text)
    SPI2_IRQHandler                          0x080001b7   Thumb Code     0  startup_stm32f407xx.o(.text)
    SPI3_IRQHandler                          0x080001b7   Thumb Code     0  startup_stm32f407xx.o(.text)
    TAMP_STAMP_IRQHandler                    0x080001b7   Thumb Code     0  startup_stm32f407xx.o(.text)
    TIM1_BRK_TIM9_IRQHandler                 0x080001b7   Thumb Code     0  startup_stm32f407xx.o(.text)
    TIM1_CC_IRQHandler                       0x080001b7   Thumb Code     0  startup_stm32f407xx.o(.text)
    TIM1_TRG_COM_TIM11_IRQHandler            0x080001b7   Thumb Code     0  startup_stm32f407xx.o(.text)
    TIM1_UP_TIM10_IRQHandler                 0x080001b7   Thumb Code     0  startup_stm32f407xx.o(.text)
    TIM3_IRQHandler                          0x080001b7   Thumb Code     0  startup_stm32f407xx.o(.text)
    TIM4_IRQHandler                          0x080001b7   Thumb Code     0  startup_stm32f407xx.o(.text)
    TIM5_IRQHandler                          0x080001b7   Thumb Code     0  startup_stm32f407xx.o(.text)
    TIM6_DAC_IRQHandler                      0x080001b7   Thumb Code     0  startup_stm32f407xx.o(.text)
    TIM7_IRQHandler                          0x080001b7   Thumb Code     0  startup_stm32f407xx.o(.text)
    TIM8_BRK_TIM12_IRQHandler                0x080001b7   Thumb Code     0  startup_stm32f407xx.o(.text)
    TIM8_CC_IRQHandler                       0x080001b7   Thumb Code     0  startup_stm32f407xx.o(.text)
    TIM8_TRG_COM_TIM14_IRQHandler            0x080001b7   Thumb Code     0  startup_stm32f407xx.o(.text)
    TIM8_UP_TIM13_IRQHandler                 0x080001b7   Thumb Code     0  startup_stm32f407xx.o(.text)
    UART4_IRQHandler                         0x080001b7   Thumb Code     0  startup_stm32f407xx.o(.text)
    UART5_IRQHandler                         0x080001b7   Thumb Code     0  startup_stm32f407xx.o(.text)
    USART1_IRQHandler                        0x080001b7   Thumb Code     0  startup_stm32f407xx.o(.text)
    USART3_IRQHandler                        0x080001b7   Thumb Code     0  startup_stm32f407xx.o(.text)
    USART6_IRQHandler                        0x080001b7   Thumb Code     0  startup_stm32f407xx.o(.text)
    WWDG_IRQHandler                          0x080001b7   Thumb Code     0  startup_stm32f407xx.o(.text)
    __aeabi_memcpy                           0x080001c1   Thumb Code    36  memcpya.o(.text)
    __aeabi_memcpy4                          0x080001c1   Thumb Code     0  memcpya.o(.text)
    __aeabi_memcpy8                          0x080001c1   Thumb Code     0  memcpya.o(.text)
    __aeabi_dadd                             0x080001e5   Thumb Code   322  dadd.o(.text)
    __aeabi_dsub                             0x08000327   Thumb Code     6  dadd.o(.text)
    __aeabi_drsub                            0x0800032d   Thumb Code     6  dadd.o(.text)
    __aeabi_dmul                             0x08000333   Thumb Code   228  dmul.o(.text)
    __aeabi_ddiv                             0x08000417   Thumb Code   222  ddiv.o(.text)
    __aeabi_ui2d                             0x080004f5   Thumb Code    26  dfltui.o(.text)
    __aeabi_d2uiz                            0x0800050f   Thumb Code    50  dfixui.o(.text)
    __aeabi_f2d                              0x08000541   Thumb Code    38  f2d.o(.text)
    __aeabi_cdrcmple                         0x08000569   Thumb Code    48  cdrcmple.o(.text)
    __aeabi_d2f                              0x08000599   Thumb Code    56  d2f.o(.text)
    __aeabi_llsl                             0x080005d1   Thumb Code    30  llshl.o(.text)
    _ll_shift_l                              0x080005d1   Thumb Code     0  llshl.o(.text)
    __aeabi_llsr                             0x080005ef   Thumb Code    32  llushr.o(.text)
    _ll_ushift_r                             0x080005ef   Thumb Code     0  llushr.o(.text)
    __aeabi_lasr                             0x0800060f   Thumb Code    36  llsshr.o(.text)
    _ll_sshift_r                             0x0800060f   Thumb Code     0  llsshr.o(.text)
    __I$use$fp                               0x08000633   Thumb Code     0  iusefp.o(.text)
    _float_round                             0x08000633   Thumb Code    18  fepilogue.o(.text)
    _float_epilogue                          0x08000645   Thumb Code    92  fepilogue.o(.text)
    _double_round                            0x080006a1   Thumb Code    30  depilogue.o(.text)
    _double_epilogue                         0x080006bf   Thumb Code   156  depilogue.o(.text)
    __scatterload                            0x0800075d   Thumb Code    28  init.o(.text)
    __scatterload_rt2                        0x0800075d   Thumb Code     0  init.o(.text)
    __I$use$semihosting$fputc                0x08000781   Thumb Code     0  iusesemip.o(.text)
    __aeabi_i2d                              0x08000781   Thumb Code    34  dflti.o(.text)
    __semihosting_library_function           0x08000781   Thumb Code     0  semi.o(.text)
    __aeabi_d2iz                             0x080007a3   Thumb Code    62  dfixi.o(.text)
    __decompress                             0x080007e1   Thumb Code     0  __dczerorl2.o(.text)
    __decompress1                            0x080007e1   Thumb Code    86  __dczerorl2.o(.text)
    ADC_IRQHandler                           0x08000839   Thumb Code     6  stm32f4xx_it.o(i.ADC_IRQHandler)
    Analyze_RecieveArray                     0x08000979   Thumb Code   432  main.o(i.Analyze_RecieveArray)
    BusFault_Handler                         0x08000b31   Thumb Code     2  stm32f4xx_it.o(i.BusFault_Handler)
    Check_Start_Button                       0x08000b35   Thumb Code   108  main.o(i.Check_Start_Button)
    Come_Home                                0x08000bad   Thumb Code   216  main.o(i.Come_Home)
    DEC_ASCII_2                              0x08000c89   Thumb Code    28  main.o(i.DEC_ASCII_2)
    DEC_ASCII_3                              0x08000ca5   Thumb Code    46  main.o(i.DEC_ASCII_3)
    DMA1_Stream0_IRQHandler                  0x08000cd5   Thumb Code     6  stm32f4xx_it.o(i.DMA1_Stream0_IRQHandler)
    DMA1_Stream5_IRQHandler                  0x08000ce1   Thumb Code     6  stm32f4xx_it.o(i.DMA1_Stream5_IRQHandler)
    DebugMon_Handler                         0x08000d3d   Thumb Code     2  stm32f4xx_it.o(i.DebugMon_Handler)
    Duty_Config                              0x08000d41   Thumb Code    44  main.o(i.Duty_Config)
    EXTI0_IRQHandler                         0x08000d75   Thumb Code     6  stm32f4xx_it.o(i.EXTI0_IRQHandler)
    EXTI4_IRQHandler                         0x08000d7b   Thumb Code     6  stm32f4xx_it.o(i.EXTI4_IRQHandler)
    EXTI9_5_IRQHandler                       0x08000d81   Thumb Code     6  stm32f4xx_it.o(i.EXTI9_5_IRQHandler)
    Find_Wall                                0x08000d89   Thumb Code   294  main.o(i.Find_Wall)
    Get_Battery                              0x08000ec1   Thumb Code    58  main.o(i.Get_Battery)
    Get_Coordinate                           0x08000f05   Thumb Code   486  main.o(i.Get_Coordinate)
    Go_Left                                  0x08001121   Thumb Code    16  main.o(i.Go_Left)
    Go_Right                                 0x08001135   Thumb Code    16  main.o(i.Go_Right)
    HAL_ADCEx_InjectedConvCpltCallback       0x08001149   Thumb Code     2  stm32f4xx_hal_adc_ex.o(i.HAL_ADCEx_InjectedConvCpltCallback)
    HAL_ADC_ConfigChannel                    0x0800114d   Thumb Code   322  stm32f4xx_hal_adc.o(i.HAL_ADC_ConfigChannel)
    HAL_ADC_ConvCpltCallback                 0x0800129d   Thumb Code    24  main.o(i.HAL_ADC_ConvCpltCallback)
    HAL_ADC_ErrorCallback                    0x080012bd   Thumb Code     2  stm32f4xx_hal_adc.o(i.HAL_ADC_ErrorCallback)
    HAL_ADC_GetValue                         0x080012bf   Thumb Code     6  stm32f4xx_hal_adc.o(i.HAL_ADC_GetValue)
    HAL_ADC_IRQHandler                       0x080012c5   Thumb Code   316  stm32f4xx_hal_adc.o(i.HAL_ADC_IRQHandler)
    HAL_ADC_Init                             0x08001401   Thumb Code    84  stm32f4xx_hal_adc.o(i.HAL_ADC_Init)
    HAL_ADC_LevelOutOfWindowCallback         0x08001455   Thumb Code     2  stm32f4xx_hal_adc.o(i.HAL_ADC_LevelOutOfWindowCallback)
    HAL_ADC_MspInit                          0x08001459   Thumb Code    70  stm32f4xx_hal_msp.o(i.HAL_ADC_MspInit)
    HAL_ADC_Start_IT                         0x080014ad   Thumb Code   180  stm32f4xx_hal_adc.o(i.HAL_ADC_Start_IT)
    HAL_ADC_Stop_IT                          0x08001571   Thumb Code    68  stm32f4xx_hal_adc.o(i.HAL_ADC_Stop_IT)
    HAL_DMA_IRQHandler                       0x080015b9   Thumb Code   412  stm32f4xx_hal_dma.o(i.HAL_DMA_IRQHandler)
    HAL_DMA_Init                             0x08001759   Thumb Code   116  stm32f4xx_hal_dma.o(i.HAL_DMA_Init)
    HAL_DMA_Start_IT                         0x080017d1   Thumb Code    78  stm32f4xx_hal_dma.o(i.HAL_DMA_Start_IT)
    HAL_Delay                                0x0800181f   Thumb Code    22  stm32f4xx_hal.o(i.HAL_Delay)
    HAL_GPIO_EXTI_Callback                   0x08001835   Thumb Code   198  main.o(i.HAL_GPIO_EXTI_Callback)
    HAL_GPIO_EXTI_IRQHandler                 0x08001905   Thumb Code    18  stm32f4xx_hal_gpio.o(i.HAL_GPIO_EXTI_IRQHandler)
    HAL_GPIO_Init                            0x0800191d   Thumb Code   398  stm32f4xx_hal_gpio.o(i.HAL_GPIO_Init)
    HAL_GPIO_ReadPin                         0x08001add   Thumb Code    10  stm32f4xx_hal_gpio.o(i.HAL_GPIO_ReadPin)
    HAL_GPIO_WritePin                        0x08001ae7   Thumb Code    10  stm32f4xx_hal_gpio.o(i.HAL_GPIO_WritePin)
    HAL_GetTick                              0x08001af1   Thumb Code     6  stm32f4xx_hal.o(i.HAL_GetTick)
    HAL_I2C_AddrCallback                     0x08001afd   Thumb Code     2  stm32f4xx_hal_i2c.o(i.HAL_I2C_AddrCallback)
    HAL_I2C_ER_IRQHandler                    0x08001b01   Thumb Code   278  stm32f4xx_hal_i2c.o(i.HAL_I2C_ER_IRQHandler)
    HAL_I2C_EV_IRQHandler                    0x08001c1d   Thumb Code   488  stm32f4xx_hal_i2c.o(i.HAL_I2C_EV_IRQHandler)
    HAL_I2C_ErrorCallback                    0x08001e05   Thumb Code     2  stm32f4xx_hal_i2c.o(i.HAL_I2C_ErrorCallback)
    HAL_I2C_GetError                         0x08001e07   Thumb Code     4  stm32f4xx_hal_i2c.o(i.HAL_I2C_GetError)
    HAL_I2C_GetState                         0x08001e0b   Thumb Code     6  stm32f4xx_hal_i2c.o(i.HAL_I2C_GetState)
    HAL_I2C_Init                             0x08001e11   Thumb Code   254  stm32f4xx_hal_i2c.o(i.HAL_I2C_Init)
    HAL_I2C_ListenCpltCallback               0x08001f19   Thumb Code     2  stm32f4xx_hal_i2c.o(i.HAL_I2C_ListenCpltCallback)
    HAL_I2C_MasterRxCpltCallback             0x08001f1b   Thumb Code     2  stm32f4xx_hal_i2c.o(i.HAL_I2C_MasterRxCpltCallback)
    HAL_I2C_MasterTxCpltCallback             0x08001f1d   Thumb Code     2  stm32f4xx_hal_i2c.o(i.HAL_I2C_MasterTxCpltCallback)
    HAL_I2C_Master_Receive                   0x08001f21   Thumb Code   456  stm32f4xx_hal_i2c.o(i.HAL_I2C_Master_Receive)
    HAL_I2C_Master_Transmit                  0x080020f5   Thumb Code   306  stm32f4xx_hal_i2c.o(i.HAL_I2C_Master_Transmit)
    HAL_I2C_MemRxCpltCallback                0x08002231   Thumb Code     2  stm32f4xx_hal_i2c.o(i.HAL_I2C_MemRxCpltCallback)
    HAL_I2C_MemTxCpltCallback                0x08002233   Thumb Code     2  stm32f4xx_hal_i2c.o(i.HAL_I2C_MemTxCpltCallback)
    HAL_I2C_MspInit                          0x08002235   Thumb Code   138  stm32f4xx_hal_msp.o(i.HAL_I2C_MspInit)
    HAL_I2C_SlaveRxCpltCallback              0x080022d5   Thumb Code     2  stm32f4xx_hal_i2c.o(i.HAL_I2C_SlaveRxCpltCallback)
    HAL_I2C_SlaveTxCpltCallback              0x080022d7   Thumb Code     2  stm32f4xx_hal_i2c.o(i.HAL_I2C_SlaveTxCpltCallback)
    HAL_IncTick                              0x080022d9   Thumb Code    10  stm32f4xx_hal.o(i.HAL_IncTick)
    HAL_Init                                 0x080022e9   Thumb Code    48  stm32f4xx_hal.o(i.HAL_Init)
    HAL_InitTick                             0x0800231d   Thumb Code    34  stm32f4xx_hal.o(i.HAL_InitTick)
    HAL_MspInit                              0x0800233f   Thumb Code    68  stm32f4xx_hal_msp.o(i.HAL_MspInit)
    HAL_NVIC_EnableIRQ                       0x08002383   Thumb Code    22  stm32f4xx_hal_cortex.o(i.HAL_NVIC_EnableIRQ)
    HAL_NVIC_SetPriority                     0x08002399   Thumb Code    60  stm32f4xx_hal_cortex.o(i.HAL_NVIC_SetPriority)
    HAL_NVIC_SetPriorityGrouping             0x080023d9   Thumb Code    26  stm32f4xx_hal_cortex.o(i.HAL_NVIC_SetPriorityGrouping)
    HAL_RCC_ClockConfig                      0x080023fd   Thumb Code   312  stm32f4xx_hal_rcc.o(i.HAL_RCC_ClockConfig)
    HAL_RCC_GetHCLKFreq                      0x0800253d   Thumb Code    38  stm32f4xx_hal_rcc.o(i.HAL_RCC_GetHCLKFreq)
    HAL_RCC_GetPCLK1Freq                     0x08002571   Thumb Code    36  stm32f4xx_hal_rcc.o(i.HAL_RCC_GetPCLK1Freq)
    HAL_RCC_GetPCLK2Freq                     0x0800259d   Thumb Code    36  stm32f4xx_hal_rcc.o(i.HAL_RCC_GetPCLK2Freq)
    HAL_RCC_GetSysClockFreq                  0x080025c9   Thumb Code   104  stm32f4xx_hal_rcc.o(i.HAL_RCC_GetSysClockFreq)
    HAL_RCC_OscConfig                        0x08002639   Thumb Code   722  stm32f4xx_hal_rcc.o(i.HAL_RCC_OscConfig)
    HAL_SYSTICK_CLKSourceConfig              0x0800291d   Thumb Code    24  stm32f4xx_hal_cortex.o(i.HAL_SYSTICK_CLKSourceConfig)
    HAL_SYSTICK_Callback                     0x08002935   Thumb Code     2  stm32f4xx_hal_cortex.o(i.HAL_SYSTICK_Callback)
    HAL_SYSTICK_Config                       0x08002937   Thumb Code    40  stm32f4xx_hal_cortex.o(i.HAL_SYSTICK_Config)
    HAL_SYSTICK_IRQHandler                   0x0800295f   Thumb Code     8  stm32f4xx_hal_cortex.o(i.HAL_SYSTICK_IRQHandler)
    HAL_TIMEx_BreakCallback                  0x08002967   Thumb Code     2  stm32f4xx_hal_tim_ex.o(i.HAL_TIMEx_BreakCallback)
    HAL_TIMEx_CommutationCallback            0x08002969   Thumb Code     2  stm32f4xx_hal_tim_ex.o(i.HAL_TIMEx_CommutationCallback)
    HAL_TIMEx_MasterConfigSynchronization    0x0800296b   Thumb Code    80  stm32f4xx_hal_tim_ex.o(i.HAL_TIMEx_MasterConfigSynchronization)
    HAL_TIM_Base_Init                        0x080029bb   Thumb Code    54  stm32f4xx_hal_tim.o(i.HAL_TIM_Base_Init)
    HAL_TIM_Base_MspInit                     0x080029f1   Thumb Code    94  stm32f4xx_hal_msp.o(i.HAL_TIM_Base_MspInit)
    HAL_TIM_Base_Start_IT                    0x08002a5d   Thumb Code    24  stm32f4xx_hal_tim.o(i.HAL_TIM_Base_Start_IT)
    HAL_TIM_ConfigClockSource                0x08002a75   Thumb Code   242  stm32f4xx_hal_tim.o(i.HAL_TIM_ConfigClockSource)
    HAL_TIM_IC_CaptureCallback               0x08002b67   Thumb Code     2  stm32f4xx_hal_tim.o(i.HAL_TIM_IC_CaptureCallback)
    HAL_TIM_IRQHandler                       0x08002b69   Thumb Code   358  stm32f4xx_hal_tim.o(i.HAL_TIM_IRQHandler)
    HAL_TIM_MspPostInit                      0x08002cd1   Thumb Code    68  stm32f4xx_hal_msp.o(i.HAL_TIM_MspPostInit)
    HAL_TIM_OC_DelayElapsedCallback          0x08002d25   Thumb Code     2  stm32f4xx_hal_tim.o(i.HAL_TIM_OC_DelayElapsedCallback)
    HAL_TIM_PWM_ConfigChannel                0x08002d27   Thumb Code   208  stm32f4xx_hal_tim.o(i.HAL_TIM_PWM_ConfigChannel)
    HAL_TIM_PWM_Init                         0x08002df7   Thumb Code    54  stm32f4xx_hal_tim.o(i.HAL_TIM_PWM_Init)
    HAL_TIM_PWM_MspInit                      0x08002e2d   Thumb Code     2  stm32f4xx_hal_tim.o(i.HAL_TIM_PWM_MspInit)
    HAL_TIM_PWM_PulseFinishedCallback        0x08002e2f   Thumb Code     2  stm32f4xx_hal_tim.o(i.HAL_TIM_PWM_PulseFinishedCallback)
    HAL_TIM_PWM_Start                        0x08002e31   Thumb Code    48  stm32f4xx_hal_tim.o(i.HAL_TIM_PWM_Start)
    HAL_TIM_PeriodElapsedCallback            0x08002e69   Thumb Code   118  main.o(i.HAL_TIM_PeriodElapsedCallback)
    HAL_TIM_TriggerCallback                  0x08002ee9   Thumb Code     2  stm32f4xx_hal_tim.o(i.HAL_TIM_TriggerCallback)
    HAL_UART_ErrorCallback                   0x08002eeb   Thumb Code     2  stm32f4xx_hal_uart.o(i.HAL_UART_ErrorCallback)
    HAL_UART_IRQHandler                      0x08002eed   Thumb Code   232  stm32f4xx_hal_uart.o(i.HAL_UART_IRQHandler)
    HAL_UART_Init                            0x08002fd5   Thumb Code    98  stm32f4xx_hal_uart.o(i.HAL_UART_Init)
    HAL_UART_MspInit                         0x08003039   Thumb Code   124  stm32f4xx_hal_msp.o(i.HAL_UART_MspInit)
    HAL_UART_Receive_DMA                     0x080030c9   Thumb Code   106  stm32f4xx_hal_uart.o(i.HAL_UART_Receive_DMA)
    HAL_UART_RxCpltCallback                  0x08003141   Thumb Code     2  stm32f4xx_hal_uart.o(i.HAL_UART_RxCpltCallback)
    HAL_UART_RxHalfCpltCallback              0x08003143   Thumb Code     2  stm32f4xx_hal_uart.o(i.HAL_UART_RxHalfCpltCallback)
    HAL_UART_Transmit_IT                     0x08003145   Thumb Code    62  stm32f4xx_hal_uart.o(i.HAL_UART_Transmit_IT)
    HAL_UART_TxCpltCallback                  0x08003183   Thumb Code     2  stm32f4xx_hal_uart.o(i.HAL_UART_TxCpltCallback)
    HardFault_Handler                        0x08003185   Thumb Code     2  stm32f4xx_it.o(i.HardFault_Handler)
    I2C1_ER_IRQHandler                       0x08003189   Thumb Code     6  stm32f4xx_it.o(i.I2C1_ER_IRQHandler)
    I2C1_EV_IRQHandler                       0x08003195   Thumb Code     6  stm32f4xx_it.o(i.I2C1_EV_IRQHandler)
    I2C_ReadBuffer                           0x08003551   Thumb Code    56  main.o(i.I2C_ReadBuffer)
    I2C_WriteBuffer                          0x08003879   Thumb Code    56  main.o(i.I2C_WriteBuffer)
    MemManage_Handler                        0x08003b79   Thumb Code     2  stm32f4xx_it.o(i.MemManage_Handler)
    Motor_Left_Position_PID                  0x08003b7d   Thumb Code   292  main.o(i.Motor_Left_Position_PID)
    Motor_Right_Position_PID                 0x08003cad   Thumb Code   292  main.o(i.Motor_Right_Position_PID)
    Motorpid_1                               0x08003ddd   Thumb Code   208  main.o(i.Motorpid_1)
    Motorpid_2                               0x08003eb5   Thumb Code   210  main.o(i.Motorpid_2)
    NMI_Handler                              0x08003f95   Thumb Code     2  stm32f4xx_it.o(i.NMI_Handler)
    RTC_BCD2DEC                              0x08003fb7   Thumb Code    18  main.o(i.RTC_BCD2DEC)
    RTC_GetTime                              0x08003fc9   Thumb Code   266  main.o(i.RTC_GetTime)
    Send_Data                                0x080040dd   Thumb Code   156  main.o(i.Send_Data)
    Settings_agr                             0x08004181   Thumb Code   100  main.o(i.Settings_agr)
    Sonic                                    0x08004201   Thumb Code   150  main.o(i.Sonic)
    Sonic_Left                               0x080042a9   Thumb Code   144  main.o(i.Sonic_Left)
    Sonic_Right                              0x08004349   Thumb Code   136  main.o(i.Sonic_Right)
    Stop                                     0x080043e1   Thumb Code    72  main.o(i.Stop)
    Stuck_For_Back                           0x0800442d   Thumb Code   154  main.o(i.Stuck_For_Back)
    Stuck_For_Straight                       0x080044cd   Thumb Code    52  main.o(i.Stuck_For_Straight)
    SysTick_Handler                          0x08004505   Thumb Code    14  stm32f4xx_it.o(i.SysTick_Handler)
    SystemClock_Config                       0x08004515   Thumb Code   138  main.o(i.SystemClock_Config)
    SystemInit                               0x080045a9   Thumb Code    66  system_stm32f4xx.o(i.SystemInit)
    TIM2_IRQHandler                          0x080045fd   Thumb Code     6  stm32f4xx_it.o(i.TIM2_IRQHandler)
    TIM_Base_SetConfig                       0x08004609   Thumb Code   148  stm32f4xx_hal_tim.o(i.TIM_Base_SetConfig)
    TIM_CCxChannelCmd                        0x080046c9   Thumb Code    22  stm32f4xx_hal_tim.o(i.TIM_CCxChannelCmd)
    TIM_OC2_SetConfig                        0x0800475d   Thumb Code    90  stm32f4xx_hal_tim.o(i.TIM_OC2_SetConfig)
    USART2_IRQHandler                        0x08004cb1   Thumb Code     6  stm32f4xx_it.o(i.USART2_IRQHandler)
    UsageFault_Handler                       0x08004cbd   Thumb Code     2  stm32f4xx_it.o(i.UsageFault_Handler)
    Zigziag_Mode                             0x08004cc1   Thumb Code   422  main.o(i.Zigziag_Mode)
    __0printf$bare                           0x08004e75   Thumb Code     8  printfb.o(i.__0printf$bare)
    __1printf$bare                           0x08004e75   Thumb Code     0  printfb.o(i.__0printf$bare)
    __2printf                                0x08004e75   Thumb Code     0  printfb.o(i.__0printf$bare)
    __ARM_fpclassify                         0x08004e85   Thumb Code    48  fpclassify.o(i.__ARM_fpclassify)
    __hardfp_cos                             0x08004eb9   Thumb Code   180  cos.o(i.__hardfp_cos)
    __hardfp_sin                             0x08004f81   Thumb Code   180  sin.o(i.__hardfp_sin)
    __ieee754_rem_pio2                       0x08005049   Thumb Code   938  rred.o(i.__ieee754_rem_pio2)
    __kernel_cos                             0x08005481   Thumb Code   322  cos_i.o(i.__kernel_cos)
    __kernel_poly                            0x080055f1   Thumb Code   248  poly.o(i.__kernel_poly)
    __kernel_sin                             0x080056e9   Thumb Code   280  sin_i.o(i.__kernel_sin)
    __mathlib_dbl_infnan                     0x08005819   Thumb Code    20  dunder.o(i.__mathlib_dbl_infnan)
    __mathlib_dbl_invalid                    0x08005831   Thumb Code    24  dunder.o(i.__mathlib_dbl_invalid)
    __mathlib_dbl_underflow                  0x08005851   Thumb Code    24  dunder.o(i.__mathlib_dbl_underflow)
    __scatterload_copy                       0x08005871   Thumb Code    14  handlers.o(i.__scatterload_copy)
    __scatterload_null                       0x0800587f   Thumb Code     2  handlers.o(i.__scatterload_null)
    __scatterload_zeroinit                   0x08005881   Thumb Code    14  handlers.o(i.__scatterload_zeroinit)
    __set_errno                              0x08005891   Thumb Code     6  errno.o(i.__set_errno)
    delay_us                                 0x080058c1   Thumb Code    60  main.o(i.delay_us)
    fabs                                     0x08005905   Thumb Code    24  fabs.o(i.fabs)
    fputc                                    0x0800591d   Thumb Code    18  fputc.o(i.fputc)
    main                                     0x08005931   Thumb Code   454  main.o(i.main)
    APBAHBPrescTable                         0x08005b10   Data          16  stm32f4xx_hal_rcc.o(.constdata)
    Region$$Table$$Base                      0x08005c48   Number         0  anon$$obj.o(Region$$Table)
    Region$$Table$$Limit                     0x08005c68   Number         0  anon$$obj.o(Region$$Table)
    uwTick                                   0x20000000   Data           4  stm32f4xx_hal.o(.data)
    SystemCoreClock                          0x20000004   Data           4  system_stm32f4xx.o(.data)
    duty0                                    0x20000008   Data           2  main.o(.data)
    duty1                                    0x2000000a   Data           2  main.o(.data)
    duty2                                    0x2000000c   Data           2  main.o(.data)
    duty3                                    0x2000000e   Data           2  main.o(.data)
    duty4                                    0x20000010   Data           2  main.o(.data)
    tmp_duty4                                0x20000012   Data           2  main.o(.data)
    duty5                                    0x20000014   Data           2  main.o(.data)
    tmp_duty5                                0x20000016   Data           2  main.o(.data)
    C                                        0x20000018   Data           2  main.o(.data)
    D                                        0x2000001a   Data           2  main.o(.data)
    Output                                   0x2000001c   Data           2  main.o(.data)
    Output1                                  0x2000001e   Data           2  main.o(.data)
    Output2                                  0x20000020   Data           2  main.o(.data)
    Output3                                  0x20000022   Data           2  main.o(.data)
    start_hour                               0x20000024   Data           2  main.o(.data)
    start_minute                             0x20000026   Data           2  main.o(.data)
    time_out                                 0x20000028   Data           2  main.o(.data)
    count_time_delay                         0x2000002a   Data           2  main.o(.data)
    count_stuck                              0x2000002c   Data           2  main.o(.data)
    count_sample_time                        0x2000002e   Data           2  main.o(.data)
    stop_hour                                0x20000030   Data           2  main.o(.data)
    stop_minute                              0x20000032   Data           2  main.o(.data)
    loop_tmp                                 0x20000034   Data           2  main.o(.data)
    loop_tmp1                                0x20000036   Data           2  main.o(.data)
    length                                   0x20000038   Data           2  main.o(.data)
    angle                                    0x2000003a   Data           2  main.o(.data)
    angle_tmp                                0x2000003c   Data           2  main.o(.data)
    delta_pulse                              0x2000003e   Data           2  main.o(.data)
    currentX                                 0x20000040   Data           2  main.o(.data)
    currentY                                 0x20000042   Data           2  main.o(.data)
    distanceX                                0x20000044   Data           2  main.o(.data)
    distanceY                                0x20000046   Data           2  main.o(.data)
    startX                                   0x20000048   Data           2  main.o(.data)
    startY                                   0x2000004a   Data           2  main.o(.data)
    startX_static                            0x2000004c   Data           2  main.o(.data)
    startY_static                            0x2000004e   Data           2  main.o(.data)
    adc_value                                0x20000050   Data           2  main.o(.data)
    pre_Pulse                                0x20000054   Data           4  main.o(.data)
    PULSE                                    0x20000058   Data           4  main.o(.data)
    Pulse                                    0x2000005c   Data           4  main.o(.data)
    pulse                                    0x20000060   Data           4  main.o(.data)
    p                                        0x20000064   Data           4  main.o(.data)
    Sampling_time                            0x20000068   Data           4  main.o(.data)
    inv_Sampling_time                        0x2000006c   Data           4  main.o(.data)
    pre_Pulse1                               0x20000070   Data           4  main.o(.data)
    PULSE1                                   0x20000074   Data           4  main.o(.data)
    Pulse1                                   0x20000078   Data           4  main.o(.data)
    pulse1                                   0x2000007c   Data           4  main.o(.data)
    p1                                       0x20000080   Data           4  main.o(.data)
    time_copy                                0x20000084   Data           4  main.o(.data)
    time                                     0x20000088   Data           4  main.o(.data)
    time_right                               0x2000008c   Data           4  main.o(.data)
    time_left                                0x20000090   Data           4  main.o(.data)
    time_right_copy                          0x20000094   Data           4  main.o(.data)
    time_left_copy                           0x20000098   Data           4  main.o(.data)
    count_right_wall                         0x2000009c   Data           4  main.o(.data)
    count_left_wall                          0x200000a0   Data           4  main.o(.data)
    des_Speed                                0x200000a4   Data           4  main.o(.data)
    des_position_left                        0x200000a8   Data           4  main.o(.data)
    des_position_right                       0x200000ac   Data           4  main.o(.data)
    tmp_position_left                        0x200000b0   Data           4  main.o(.data)
    tmp_position_right                       0x200000b4   Data           4  main.o(.data)
    rSpeed                                   0x200000b8   Data           4  main.o(.data)
    Err                                      0x200000bc   Data           4  main.o(.data)
    pre_Err                                  0x200000c0   Data           4  main.o(.data)
    pre_pre_Err                              0x200000c4   Data           4  main.o(.data)
    rSpeed1                                  0x200000c8   Data           4  main.o(.data)
    Err1                                     0x200000cc   Data           4  main.o(.data)
    pre_Err1                                 0x200000d0   Data           4  main.o(.data)
    pre_pre_Err1                             0x200000d4   Data           4  main.o(.data)
    Err2                                     0x200000d8   Data           4  main.o(.data)
    pre_Err2                                 0x200000dc   Data           4  main.o(.data)
    pre_pre_Err2                             0x200000e0   Data           4  main.o(.data)
    pros2                                    0x200000e4   Data           4  main.o(.data)
    loop                                     0x200000e8   Data           4  main.o(.data)
    Err3                                     0x200000ec   Data           4  main.o(.data)
    pre_Err3                                 0x200000f0   Data           4  main.o(.data)
    pre_pre_Err3                             0x200000f4   Data           4  main.o(.data)
    pros3                                    0x200000f8   Data           4  main.o(.data)
    loop1                                    0x200000fc   Data           4  main.o(.data)
    start                                    0x20000100   Data           4  main.o(.data)
    start_button                             0x20000104   Data           4  main.o(.data)
    run                                      0x20000108   Data           4  main.o(.data)
    au                                       0x2000010c   Data           4  main.o(.data)
    motor_left                               0x20000110   Data           4  main.o(.data)
    motor_right                              0x20000114   Data           4  main.o(.data)
    motor_straight                           0x20000118   Data           4  main.o(.data)
    motor_back                               0x2000011c   Data           4  main.o(.data)
    Deg_90_left                              0x20000120   Data           4  main.o(.data)
    Deg_90_right                             0x20000124   Data           4  main.o(.data)
    left                                     0x20000128   Data           4  main.o(.data)
    right                                    0x2000012c   Data           4  main.o(.data)
    a                                        0x20000130   Data           4  main.o(.data)
    stop1                                    0x20000134   Data           4  main.o(.data)
    stop2                                    0x20000138   Data           4  main.o(.data)
    cont                                     0x2000013c   Data           4  main.o(.data)
    come_back_home                           0x20000140   Data           4  main.o(.data)
    stuck                                    0x20000144   Data           4  main.o(.data)
    stuck_back                               0x20000148   Data           4  main.o(.data)
    new_setpoint_position                    0x2000014c   Data           4  main.o(.data)
    zigzac_flat                              0x20000150   Data           4  main.o(.data)
    start_zigzac                             0x20000154   Data           4  main.o(.data)
    loop_once                                0x20000158   Data           4  main.o(.data)
    loop_once_1                              0x2000015c   Data           4  main.o(.data)
    flatX                                    0x20000160   Data           4  main.o(.data)
    flatY                                    0x20000164   Data           4  main.o(.data)
    done                                     0x20000168   Data           4  main.o(.data)
    rad                                      0x2000016c   Data           4  main.o(.data)
    Distance                                 0x20000170   Data           4  main.o(.data)
    Distance_right                           0x20000174   Data           4  main.o(.data)
    Distance_left                            0x20000178   Data           4  main.o(.data)
    Kp                                       0x2000017c   Data           4  main.o(.data)
    Ki                                       0x20000180   Data           4  main.o(.data)
    Kd                                       0x20000184   Data           4  main.o(.data)
    Kp2                                      0x20000188   Data           4  main.o(.data)
    Ki2                                      0x2000018c   Data           4  main.o(.data)
    Kd2                                      0x20000190   Data           4  main.o(.data)
    Kp_Pos                                   0x20000194   Data           4  main.o(.data)
    Ki_Pos                                   0x20000198   Data           4  main.o(.data)
    Kd_Pos                                   0x2000019c   Data           4  main.o(.data)
    Kp_Pos_1                                 0x200001a0   Data           4  main.o(.data)
    Ki_Pos_1                                 0x200001a4   Data           4  main.o(.data)
    Kd_Pos_1                                 0x200001a8   Data           4  main.o(.data)
    __stdout                                 0x200001ac   Data           4  stdout.o(.data)
    hadc1                                    0x200001b4   Data          72  main.o(.bss)
    hi2c1                                    0x200001fc   Data          68  main.o(.bss)
    htim2                                    0x20000240   Data          60  main.o(.bss)
    htim3                                    0x2000027c   Data          60  main.o(.bss)
    htim4                                    0x200002b8   Data          60  main.o(.bss)
    huart2                                   0x200002f4   Data          64  main.o(.bss)
    send_data                                0x20000334   Data          25  main.o(.bss)
    receive_data                             0x2000034d   Data          11  main.o(.bss)
    DS3231                                   0x20000358   Data          15  main.o(.bss)
    QMC5883                                  0x20000368   Data          14  main.o(.bss)
    hdma_i2c1_rx                             0x20000378   Data          88  main.o(.bss)
    hdma_usart2_rx                           0x200003d0   Data          88  main.o(.bss)
    __initial_sp                             0x20000828   Data           0  startup_stm32f407xx.o(STACK)



==============================================================================

Memory Map of the image

  Image Entry point : 0x08000189

  Load Region LR_IROM1 (Base: 0x08000000, Size: 0x00005e1c, Max: 0x00100000, ABSOLUTE, COMPRESSED[0x00005c90])

    Execution Region ER_IROM1 (Base: 0x08000000, Size: 0x00005c68, Max: 0x00100000, ABSOLUTE)

    Base Addr    Size         Type   Attr      Idx    E Section Name        Object

    0x08000000   0x00000188   Data   RO         2871    RESET               startup_stm32f407xx.o
    0x08000188   0x00000000   Code   RO         3442  * .ARM.Collect$$$$00000000  mc_w.l(entry.o)
    0x08000188   0x00000004   Code   RO         3753    .ARM.Collect$$$$00000001  mc_w.l(entry2.o)
    0x0800018c   0x00000004   Code   RO         3756    .ARM.Collect$$$$00000004  mc_w.l(entry5.o)
    0x08000190   0x00000000   Code   RO         3758    .ARM.Collect$$$$00000008  mc_w.l(entry7b.o)
    0x08000190   0x00000000   Code   RO         3760    .ARM.Collect$$$$0000000A  mc_w.l(entry8b.o)
    0x08000190   0x00000008   Code   RO         3761    .ARM.Collect$$$$0000000B  mc_w.l(entry9a.o)
    0x08000198   0x00000000   Code   RO         3763    .ARM.Collect$$$$0000000D  mc_w.l(entry10a.o)
    0x08000198   0x00000000   Code   RO         3765    .ARM.Collect$$$$0000000F  mc_w.l(entry11a.o)
    0x08000198   0x00000004   Code   RO         3754    .ARM.Collect$$$$00002712  mc_w.l(entry2.o)
    0x0800019c   0x00000024   Code   RO         2872    .text               startup_stm32f407xx.o
    0x080001c0   0x00000024   Code   RO         3445    .text               mc_w.l(memcpya.o)
    0x080001e4   0x0000014e   Code   RO         3709    .text               mf_w.l(dadd.o)
    0x08000332   0x000000e4   Code   RO         3711    .text               mf_w.l(dmul.o)
    0x08000416   0x000000de   Code   RO         3713    .text               mf_w.l(ddiv.o)
    0x080004f4   0x0000001a   Code   RO         3715    .text               mf_w.l(dfltui.o)
    0x0800050e   0x00000032   Code   RO         3717    .text               mf_w.l(dfixui.o)
    0x08000540   0x00000026   Code   RO         3719    .text               mf_w.l(f2d.o)
    0x08000566   0x00000002   PAD
    0x08000568   0x00000030   Code   RO         3721    .text               mf_w.l(cdrcmple.o)
    0x08000598   0x00000038   Code   RO         3723    .text               mf_w.l(d2f.o)
    0x080005d0   0x0000001e   Code   RO         3774    .text               mc_w.l(llshl.o)
    0x080005ee   0x00000020   Code   RO         3776    .text               mc_w.l(llushr.o)
    0x0800060e   0x00000024   Code   RO         3778    .text               mc_w.l(llsshr.o)
    0x08000632   0x00000000   Code   RO         3787    .text               mc_w.l(iusefp.o)
    0x08000632   0x0000006e   Code   RO         3788    .text               mf_w.l(fepilogue.o)
    0x080006a0   0x000000ba   Code   RO         3790    .text               mf_w.l(depilogue.o)
    0x0800075a   0x00000002   PAD
    0x0800075c   0x00000024   Code   RO         3806    .text               mc_w.l(init.o)
    0x08000780   0x00000000   Code   RO         3808    .text               mc_w.l(semi.o)
    0x08000780   0x00000000   Code   RO         3809    .text               mc_w.l(iusesemip.o)
    0x08000780   0x00000022   Code   RO         3810    .text               mf_w.l(dflti.o)
    0x080007a2   0x0000003e   Code   RO         3812    .text               mf_w.l(dfixi.o)
    0x080007e0   0x00000056   Code   RO         3822    .text               mc_w.l(__dczerorl2.o)
    0x08000836   0x00000002   PAD
    0x08000838   0x0000000c   Code   RO         2916    i.ADC_IRQHandler    stm32f4xx_it.o
    0x08000844   0x00000134   Code   RO         1671    i.ADC_Init          stm32f4xx_hal_adc.o
    0x08000978   0x000001b8   Code   RO         3119    i.Analyze_RecieveArray  main.o
    0x08000b30   0x00000002   Code   RO         2917    i.BusFault_Handler  stm32f4xx_it.o
    0x08000b32   0x00000002   PAD
    0x08000b34   0x00000078   Code   RO         3120    i.Check_Start_Button  main.o
    0x08000bac   0x000000dc   Code   RO         3121    i.Come_Home         main.o
    0x08000c88   0x0000001c   Code   RO         3122    i.DEC_ASCII_2       main.o
    0x08000ca4   0x0000002e   Code   RO         3123    i.DEC_ASCII_3       main.o
    0x08000cd2   0x00000002   PAD
    0x08000cd4   0x0000000c   Code   RO         2918    i.DMA1_Stream0_IRQHandler  stm32f4xx_it.o
    0x08000ce0   0x0000000c   Code   RO         2919    i.DMA1_Stream5_IRQHandler  stm32f4xx_it.o
    0x08000cec   0x00000028   Code   RO         2532    i.DMA_CalcBaseAndBitshift  stm32f4xx_hal_dma.o
    0x08000d14   0x00000028   Code   RO         2533    i.DMA_SetConfig     stm32f4xx_hal_dma.o
    0x08000d3c   0x00000002   Code   RO         2920    i.DebugMon_Handler  stm32f4xx_it.o
    0x08000d3e   0x00000002   PAD
    0x08000d40   0x00000034   Code   RO         3124    i.Duty_Config       main.o
    0x08000d74   0x00000006   Code   RO         2921    i.EXTI0_IRQHandler  stm32f4xx_it.o
    0x08000d7a   0x00000006   Code   RO         2922    i.EXTI4_IRQHandler  stm32f4xx_it.o
    0x08000d80   0x00000006   Code   RO         2923    i.EXTI9_5_IRQHandler  stm32f4xx_it.o
    0x08000d86   0x00000002   PAD
    0x08000d88   0x00000138   Code   RO         3125    i.Find_Wall         main.o
    0x08000ec0   0x00000044   Code   RO         3126    i.Get_Battery       main.o
    0x08000f04   0x0000021c   Code   RO         3127    i.Get_Coordinate    main.o
    0x08001120   0x00000014   Code   RO         3129    i.Go_Left           main.o
    0x08001134   0x00000014   Code   RO         3130    i.Go_Right          main.o
    0x08001148   0x00000002   Code   RO            8    i.HAL_ADCEx_InjectedConvCpltCallback  stm32f4xx_hal_adc_ex.o
    0x0800114a   0x00000002   PAD
    0x0800114c   0x00000150   Code   RO         1673    i.HAL_ADC_ConfigChannel  stm32f4xx_hal_adc.o
    0x0800129c   0x00000020   Code   RO         3132    i.HAL_ADC_ConvCpltCallback  main.o
    0x080012bc   0x00000002   Code   RO         1677    i.HAL_ADC_ErrorCallback  stm32f4xx_hal_adc.o
    0x080012be   0x00000006   Code   RO         1680    i.HAL_ADC_GetValue  stm32f4xx_hal_adc.o
    0x080012c4   0x0000013c   Code   RO         1681    i.HAL_ADC_IRQHandler  stm32f4xx_hal_adc.o
    0x08001400   0x00000054   Code   RO         1682    i.HAL_ADC_Init      stm32f4xx_hal_adc.o
    0x08001454   0x00000002   Code   RO         1683    i.HAL_ADC_LevelOutOfWindowCallback  stm32f4xx_hal_adc.o
    0x08001456   0x00000002   PAD
    0x08001458   0x00000054   Code   RO         3041    i.HAL_ADC_MspInit   stm32f4xx_hal_msp.o
    0x080014ac   0x000000c4   Code   RO         1690    i.HAL_ADC_Start_IT  stm32f4xx_hal_adc.o
    0x08001570   0x00000048   Code   RO         1693    i.HAL_ADC_Stop_IT   stm32f4xx_hal_adc.o
    0x080015b8   0x000001a0   Code   RO         2538    i.HAL_DMA_IRQHandler  stm32f4xx_hal_dma.o
    0x08001758   0x00000078   Code   RO         2539    i.HAL_DMA_Init      stm32f4xx_hal_dma.o
    0x080017d0   0x0000004e   Code   RO         2542    i.HAL_DMA_Start_IT  stm32f4xx_hal_dma.o
    0x0800181e   0x00000016   Code   RO         2374    i.HAL_Delay         stm32f4xx_hal.o
    0x08001834   0x000000d0   Code   RO         3133    i.HAL_GPIO_EXTI_Callback  main.o
    0x08001904   0x00000018   Code   RO          339    i.HAL_GPIO_EXTI_IRQHandler  stm32f4xx_hal_gpio.o
    0x0800191c   0x000001c0   Code   RO          340    i.HAL_GPIO_Init     stm32f4xx_hal_gpio.o
    0x08001adc   0x0000000a   Code   RO          342    i.HAL_GPIO_ReadPin  stm32f4xx_hal_gpio.o
    0x08001ae6   0x0000000a   Code   RO          344    i.HAL_GPIO_WritePin  stm32f4xx_hal_gpio.o
    0x08001af0   0x0000000c   Code   RO         2380    i.HAL_GetTick       stm32f4xx_hal.o
    0x08001afc   0x00000002   Code   RO         1939    i.HAL_I2C_AddrCallback  stm32f4xx_hal_i2c.o
    0x08001afe   0x00000002   PAD
    0x08001b00   0x0000011c   Code   RO         1942    i.HAL_I2C_ER_IRQHandler  stm32f4xx_hal_i2c.o
    0x08001c1c   0x000001e8   Code   RO         1943    i.HAL_I2C_EV_IRQHandler  stm32f4xx_hal_i2c.o
    0x08001e04   0x00000002   Code   RO         1945    i.HAL_I2C_ErrorCallback  stm32f4xx_hal_i2c.o
    0x08001e06   0x00000004   Code   RO         1946    i.HAL_I2C_GetError  stm32f4xx_hal_i2c.o
    0x08001e0a   0x00000006   Code   RO         1948    i.HAL_I2C_GetState  stm32f4xx_hal_i2c.o
    0x08001e10   0x00000108   Code   RO         1949    i.HAL_I2C_Init      stm32f4xx_hal_i2c.o
    0x08001f18   0x00000002   Code   RO         1951    i.HAL_I2C_ListenCpltCallback  stm32f4xx_hal_i2c.o
    0x08001f1a   0x00000002   Code   RO         1952    i.HAL_I2C_MasterRxCpltCallback  stm32f4xx_hal_i2c.o
    0x08001f1c   0x00000002   Code   RO         1953    i.HAL_I2C_MasterTxCpltCallback  stm32f4xx_hal_i2c.o
    0x08001f1e   0x00000002   PAD
    0x08001f20   0x000001d4   Code   RO         1955    i.HAL_I2C_Master_Receive  stm32f4xx_hal_i2c.o
    0x080020f4   0x0000013c   Code   RO         1960    i.HAL_I2C_Master_Transmit  stm32f4xx_hal_i2c.o
    0x08002230   0x00000002   Code   RO         1963    i.HAL_I2C_MemRxCpltCallback  stm32f4xx_hal_i2c.o
    0x08002232   0x00000002   Code   RO         1964    i.HAL_I2C_MemTxCpltCallback  stm32f4xx_hal_i2c.o
    0x08002234   0x000000a0   Code   RO         3043    i.HAL_I2C_MspInit   stm32f4xx_hal_msp.o
    0x080022d4   0x00000002   Code   RO         1973    i.HAL_I2C_SlaveRxCpltCallback  stm32f4xx_hal_i2c.o
    0x080022d6   0x00000002   Code   RO         1974    i.HAL_I2C_SlaveTxCpltCallback  stm32f4xx_hal_i2c.o
    0x080022d8   0x00000010   Code   RO         2381    i.HAL_IncTick       stm32f4xx_hal.o
    0x080022e8   0x00000034   Code   RO         2382    i.HAL_Init          stm32f4xx_hal.o
    0x0800231c   0x00000022   Code   RO         2383    i.HAL_InitTick      stm32f4xx_hal.o
    0x0800233e   0x00000044   Code   RO         3044    i.HAL_MspInit       stm32f4xx_hal_msp.o
    0x08002382   0x00000016   Code   RO          217    i.HAL_NVIC_EnableIRQ  stm32f4xx_hal_cortex.o
    0x08002398   0x00000040   Code   RO          223    i.HAL_NVIC_SetPriority  stm32f4xx_hal_cortex.o
    0x080023d8   0x00000024   Code   RO          224    i.HAL_NVIC_SetPriorityGrouping  stm32f4xx_hal_cortex.o
    0x080023fc   0x00000140   Code   RO         1209    i.HAL_RCC_ClockConfig  stm32f4xx_hal_rcc.o
    0x0800253c   0x00000034   Code   RO         1214    i.HAL_RCC_GetHCLKFreq  stm32f4xx_hal_rcc.o
    0x08002570   0x0000002c   Code   RO         1216    i.HAL_RCC_GetPCLK1Freq  stm32f4xx_hal_rcc.o
    0x0800259c   0x0000002c   Code   RO         1217    i.HAL_RCC_GetPCLK2Freq  stm32f4xx_hal_rcc.o
    0x080025c8   0x00000070   Code   RO         1218    i.HAL_RCC_GetSysClockFreq  stm32f4xx_hal_rcc.o
    0x08002638   0x000002e4   Code   RO         1221    i.HAL_RCC_OscConfig  stm32f4xx_hal_rcc.o
    0x0800291c   0x00000018   Code   RO          226    i.HAL_SYSTICK_CLKSourceConfig  stm32f4xx_hal_cortex.o
    0x08002934   0x00000002   Code   RO          227    i.HAL_SYSTICK_Callback  stm32f4xx_hal_cortex.o
    0x08002936   0x00000028   Code   RO          228    i.HAL_SYSTICK_Config  stm32f4xx_hal_cortex.o
    0x0800295e   0x00000008   Code   RO          229    i.HAL_SYSTICK_IRQHandler  stm32f4xx_hal_cortex.o
    0x08002966   0x00000002   Code   RO         2633    i.HAL_TIMEx_BreakCallback  stm32f4xx_hal_tim_ex.o
    0x08002968   0x00000002   Code   RO         2634    i.HAL_TIMEx_CommutationCallback  stm32f4xx_hal_tim_ex.o
    0x0800296a   0x00000050   Code   RO         2650    i.HAL_TIMEx_MasterConfigSynchronization  stm32f4xx_hal_tim_ex.o
    0x080029ba   0x00000036   Code   RO          579    i.HAL_TIM_Base_Init  stm32f4xx_hal_tim.o
    0x080029f0   0x0000006c   Code   RO         3046    i.HAL_TIM_Base_MspInit  stm32f4xx_hal_msp.o
    0x08002a5c   0x00000018   Code   RO          584    i.HAL_TIM_Base_Start_IT  stm32f4xx_hal_tim.o
    0x08002a74   0x000000f2   Code   RO          588    i.HAL_TIM_ConfigClockSource  stm32f4xx_hal_tim.o
    0x08002b66   0x00000002   Code   RO          608    i.HAL_TIM_IC_CaptureCallback  stm32f4xx_hal_tim.o
    0x08002b68   0x00000166   Code   RO          621    i.HAL_TIM_IRQHandler  stm32f4xx_hal_tim.o
    0x08002cce   0x00000002   PAD
    0x08002cd0   0x00000054   Code   RO         3047    i.HAL_TIM_MspPostInit  stm32f4xx_hal_msp.o
    0x08002d24   0x00000002   Code   RO          624    i.HAL_TIM_OC_DelayElapsedCallback  stm32f4xx_hal_tim.o
    0x08002d26   0x000000d0   Code   RO          645    i.HAL_TIM_PWM_ConfigChannel  stm32f4xx_hal_tim.o
    0x08002df6   0x00000036   Code   RO          648    i.HAL_TIM_PWM_Init  stm32f4xx_hal_tim.o
    0x08002e2c   0x00000002   Code   RO          650    i.HAL_TIM_PWM_MspInit  stm32f4xx_hal_tim.o
    0x08002e2e   0x00000002   Code   RO          651    i.HAL_TIM_PWM_PulseFinishedCallback  stm32f4xx_hal_tim.o
    0x08002e30   0x00000038   Code   RO          652    i.HAL_TIM_PWM_Start  stm32f4xx_hal_tim.o
    0x08002e68   0x00000080   Code   RO         3134    i.HAL_TIM_PeriodElapsedCallback  main.o
    0x08002ee8   0x00000002   Code   RO          662    i.HAL_TIM_TriggerCallback  stm32f4xx_hal_tim.o
    0x08002eea   0x00000002   Code   RO         1325    i.HAL_UART_ErrorCallback  stm32f4xx_hal_uart.o
    0x08002eec   0x000000e8   Code   RO         1328    i.HAL_UART_IRQHandler  stm32f4xx_hal_uart.o
    0x08002fd4   0x00000062   Code   RO         1329    i.HAL_UART_Init     stm32f4xx_hal_uart.o
    0x08003036   0x00000002   PAD
    0x08003038   0x00000090   Code   RO         3049    i.HAL_UART_MspInit  stm32f4xx_hal_msp.o
    0x080030c8   0x00000078   Code   RO         1333    i.HAL_UART_Receive_DMA  stm32f4xx_hal_uart.o
    0x08003140   0x00000002   Code   RO         1335    i.HAL_UART_RxCpltCallback  stm32f4xx_hal_uart.o
    0x08003142   0x00000002   Code   RO         1336    i.HAL_UART_RxHalfCpltCallback  stm32f4xx_hal_uart.o
    0x08003144   0x0000003e   Code   RO         1339    i.HAL_UART_Transmit_IT  stm32f4xx_hal_uart.o
    0x08003182   0x00000002   Code   RO         1340    i.HAL_UART_TxCpltCallback  stm32f4xx_hal_uart.o
    0x08003184   0x00000002   Code   RO         2924    i.HardFault_Handler  stm32f4xx_it.o
    0x08003186   0x00000002   PAD
    0x08003188   0x0000000c   Code   RO         2925    i.I2C1_ER_IRQHandler  stm32f4xx_it.o
    0x08003194   0x0000000c   Code   RO         2926    i.I2C1_EV_IRQHandler  stm32f4xx_it.o
    0x080031a0   0x00000028   Code   RO         1990    i.I2C_IsAcknowledgeFailed  stm32f4xx_hal_i2c.o
    0x080031c8   0x000000e8   Code   RO         1991    i.I2C_MasterReceive_BTF  stm32f4xx_hal_i2c.o
    0x080032b0   0x000000b2   Code   RO         1992    i.I2C_MasterReceive_RXNE  stm32f4xx_hal_i2c.o
    0x08003362   0x000000d4   Code   RO         1993    i.I2C_MasterRequestRead  stm32f4xx_hal_i2c.o
    0x08003436   0x00000002   PAD
    0x08003438   0x00000090   Code   RO         1994    i.I2C_MasterRequestWrite  stm32f4xx_hal_i2c.o
    0x080034c8   0x00000086   Code   RO         1995    i.I2C_MasterTransmit_BTF  stm32f4xx_hal_i2c.o
    0x0800354e   0x00000002   PAD
    0x08003550   0x0000004c   Code   RO         3135    i.I2C_ReadBuffer    main.o
    0x0800359c   0x00000094   Code   RO         1998    i.I2C_Slave_AF      stm32f4xx_hal_i2c.o
    0x08003630   0x00000070   Code   RO         1999    i.I2C_Slave_STOPF   stm32f4xx_hal_i2c.o
    0x080036a0   0x0000008e   Code   RO         2000    i.I2C_WaitOnFlagUntilTimeout  stm32f4xx_hal_i2c.o
    0x0800372e   0x00000002   PAD
    0x08003730   0x0000008c   Code   RO         2001    i.I2C_WaitOnMasterAddressFlagUntilTimeout  stm32f4xx_hal_i2c.o
    0x080037bc   0x00000068   Code   RO         2002    i.I2C_WaitOnRXNEFlagUntilTimeout  stm32f4xx_hal_i2c.o
    0x08003824   0x00000052   Code   RO         2004    i.I2C_WaitOnTXEFlagUntilTimeout  stm32f4xx_hal_i2c.o
    0x08003876   0x00000002   PAD
    0x08003878   0x00000050   Code   RO         3136    i.I2C_WriteBuffer   main.o
    0x080038c8   0x00000040   Code   RO         3137    i.MX_ADC1_Init      main.o
    0x08003908   0x0000017c   Code   RO         3138    i.MX_GPIO_Init      main.o
    0x08003a84   0x00000070   Code   RO         3139    i.MX_TIM3_Init      main.o
    0x08003af4   0x00000084   Code   RO         3140    i.MX_TIM4_Init      main.o
    0x08003b78   0x00000002   Code   RO         2927    i.MemManage_Handler  stm32f4xx_it.o
    0x08003b7a   0x00000002   PAD
    0x08003b7c   0x00000130   Code   RO         3141    i.Motor_Left_Position_PID  main.o
    0x08003cac   0x00000130   Code   RO         3142    i.Motor_Right_Position_PID  main.o
    0x08003ddc   0x000000d8   Code   RO         3143    i.Motorpid_1        main.o
    0x08003eb4   0x000000e0   Code   RO         3144    i.Motorpid_2        main.o
    0x08003f94   0x00000002   Code   RO         2928    i.NMI_Handler       stm32f4xx_it.o
    0x08003f96   0x00000020   Code   RO          230    i.NVIC_SetPriority  stm32f4xx_hal_cortex.o
    0x08003fb6   0x00000012   Code   RO         3147    i.RTC_BCD2DEC       main.o
    0x08003fc8   0x00000114   Code   RO         3149    i.RTC_GetTime       main.o
    0x080040dc   0x000000a4   Code   RO         3151    i.Send_Data         main.o
    0x08004180   0x00000080   Code   RO         3152    i.Settings_agr      main.o
    0x08004200   0x000000a8   Code   RO         3153    i.Sonic             main.o
    0x080042a8   0x000000a0   Code   RO         3154    i.Sonic_Left        main.o
    0x08004348   0x00000098   Code   RO         3155    i.Sonic_Right       main.o
    0x080043e0   0x0000004c   Code   RO         3156    i.Stop              main.o
    0x0800442c   0x000000a0   Code   RO         3157    i.Stuck_For_Back    main.o
    0x080044cc   0x00000038   Code   RO         3158    i.Stuck_For_Straight  main.o
    0x08004504   0x0000000e   Code   RO         2929    i.SysTick_Handler   stm32f4xx_it.o
    0x08004512   0x00000002   PAD
    0x08004514   0x00000094   Code   RO         3159    i.SystemClock_Config  main.o
    0x080045a8   0x00000054   Code   RO         2880    i.SystemInit        system_stm32f4xx.o
    0x080045fc   0x0000000c   Code   RO         2930    i.TIM2_IRQHandler   stm32f4xx_it.o
    0x08004608   0x000000c0   Code   RO          663    i.TIM_Base_SetConfig  stm32f4xx_hal_tim.o
    0x080046c8   0x00000016   Code   RO          664    i.TIM_CCxChannelCmd  stm32f4xx_hal_tim.o
    0x080046de   0x00000014   Code   RO          670    i.TIM_ETR_SetConfig  stm32f4xx_hal_tim.o
    0x080046f2   0x00000010   Code   RO          671    i.TIM_ITRx_SetConfig  stm32f4xx_hal_tim.o
    0x08004702   0x00000002   PAD
    0x08004704   0x00000058   Code   RO          672    i.TIM_OC1_SetConfig  stm32f4xx_hal_tim.o
    0x0800475c   0x00000064   Code   RO          673    i.TIM_OC2_SetConfig  stm32f4xx_hal_tim.o
    0x080047c0   0x00000060   Code   RO          674    i.TIM_OC3_SetConfig  stm32f4xx_hal_tim.o
    0x08004820   0x00000050   Code   RO          675    i.TIM_OC4_SetConfig  stm32f4xx_hal_tim.o
    0x08004870   0x00000022   Code   RO          677    i.TIM_TI1_ConfigInputStage  stm32f4xx_hal_tim.o
    0x08004892   0x00000024   Code   RO          679    i.TIM_TI2_ConfigInputStage  stm32f4xx_hal_tim.o
    0x080048b6   0x00000022   Code   RO         1342    i.UART_DMAError     stm32f4xx_hal_uart.o
    0x080048d8   0x00000028   Code   RO         1343    i.UART_DMAReceiveCplt  stm32f4xx_hal_uart.o
    0x08004900   0x0000000a   Code   RO         1344    i.UART_DMARxHalfCplt  stm32f4xx_hal_uart.o
    0x0800490a   0x00000096   Code   RO         1347    i.UART_Receive_IT   stm32f4xx_hal_uart.o
    0x080049a0   0x000002ac   Code   RO         1348    i.UART_SetConfig    stm32f4xx_hal_uart.o
    0x08004c4c   0x00000062   Code   RO         1349    i.UART_Transmit_IT  stm32f4xx_hal_uart.o
    0x08004cae   0x00000002   PAD
    0x08004cb0   0x0000000c   Code   RO         2931    i.USART2_IRQHandler  stm32f4xx_it.o
    0x08004cbc   0x00000002   Code   RO         2932    i.UsageFault_Handler  stm32f4xx_it.o
    0x08004cbe   0x00000002   PAD
    0x08004cc0   0x000001b4   Code   RO         3160    i.Zigziag_Mode      main.o
    0x08004e74   0x00000010   Code   RO         3450    i.__0printf$bare    mc_w.l(printfb.o)
    0x08004e84   0x00000030   Code   RO         3802    i.__ARM_fpclassify  m_wm.l(fpclassify.o)
    0x08004eb4   0x00000004   PAD
    0x08004eb8   0x000000c8   Code   RO         3418    i.__hardfp_cos      m_wm.l(cos.o)
    0x08004f80   0x000000c8   Code   RO         3430    i.__hardfp_sin      m_wm.l(sin.o)
    0x08005048   0x00000438   Code   RO         3742    i.__ieee754_rem_pio2  m_wm.l(rred.o)
    0x08005480   0x00000170   Code   RO         3725    i.__kernel_cos      m_wm.l(cos_i.o)
    0x080055f0   0x000000f8   Code   RO         3804    i.__kernel_poly     m_wm.l(poly.o)
    0x080056e8   0x00000130   Code   RO         3747    i.__kernel_sin      m_wm.l(sin_i.o)
    0x08005818   0x00000014   Code   RO         3729    i.__mathlib_dbl_infnan  m_wm.l(dunder.o)
    0x0800582c   0x00000004   PAD
    0x08005830   0x00000020   Code   RO         3731    i.__mathlib_dbl_invalid  m_wm.l(dunder.o)
    0x08005850   0x00000020   Code   RO         3734    i.__mathlib_dbl_underflow  m_wm.l(dunder.o)
    0x08005870   0x0000000e   Code   RO         3816    i.__scatterload_copy  mc_w.l(handlers.o)
    0x0800587e   0x00000002   Code   RO         3817    i.__scatterload_null  mc_w.l(handlers.o)
    0x08005880   0x0000000e   Code   RO         3818    i.__scatterload_zeroinit  mc_w.l(handlers.o)
    0x0800588e   0x00000002   PAD
    0x08005890   0x0000000c   Code   RO         3782    i.__set_errno       mc_w.l(errno.o)
    0x0800589c   0x00000022   Code   RO         3457    i._printf_core      mc_w.l(printfb.o)
    0x080058be   0x00000002   PAD
    0x080058c0   0x00000044   Code   RO         3162    i.delay_us          main.o
    0x08005904   0x00000018   Code   RO         3798    i.fabs              m_wm.l(fabs.o)
    0x0800591c   0x00000012   Code   RO         3767    i.fputc             mc_w.l(fputc.o)
    0x0800592e   0x00000002   PAD
    0x08005930   0x000001e0   Code   RO         3163    i.main              main.o
    0x08005b10   0x00000010   Data   RO         1222    .constdata          stm32f4xx_hal_rcc.o
    0x08005b20   0x00000008   Data   RO         2543    .constdata          stm32f4xx_hal_dma.o
    0x08005b28   0x00000030   Data   RO         3726    .constdata          m_wm.l(cos_i.o)
    0x08005b58   0x000000c8   Data   RO         3744    .constdata          m_wm.l(rred.o)
    0x08005c20   0x00000028   Data   RO         3748    .constdata          m_wm.l(sin_i.o)
    0x08005c48   0x00000020   Data   RO         3814    Region$$Table       anon$$obj.o


    Execution Region RW_IRAM1 (Base: 0x20000000, Size: 0x00000828, Max: 0x00020000, ABSOLUTE, COMPRESSED[0x00000028])

    Base Addr    Size         Type   Attr      Idx    E Section Name        Object

    0x20000000   0x00000004   Data   RW         2388    .data               stm32f4xx_hal.o
    0x20000004   0x00000004   Data   RW         2882    .data               system_stm32f4xx.o
    0x20000008   0x000001a4   Data   RW         3172    .data               main.o
    0x200001ac   0x00000004   Data   RW         3769    .data               mc_w.l(stdout.o)
    0x200001b0   0x00000004   Data   RW         3783    .data               mc_w.l(errno.o)
    0x200001b4   0x000001c2   Zero   RW         3164    .bss                main.o
    0x20000376   0x00000002   PAD
    0x20000378   0x00000058   Zero   RW         3165    .bss                main.o
    0x200003d0   0x00000058   Zero   RW         3166    .bss                main.o
    0x20000428   0x00000400   Zero   RW         2869    STACK               startup_stm32f407xx.o


==============================================================================

Image component sizes


      Code (inc. data)   RO Data    RW Data    ZI Data      Debug   Object Name

      6616        464          0        420        626      31070   main.o
        36          8        392          0       1024        816   startup_stm32f407xx.o
       136         16          0          4          0       4287   stm32f4xx_hal.o
      1322         42          0          0          0       6991   stm32f4xx_hal_adc.o
         2          0          0          0          0     402005   stm32f4xx_hal_adc_ex.o
       228         14          0          0          0      32269   stm32f4xx_hal_cortex.o
       694         14          8          0          0       4599   stm32f4xx_hal_dma.o
       492         56          0          0          0       3886   stm32f4xx_hal_gpio.o
      3516         62          0          0          0      24374   stm32f4xx_hal_i2c.o
       648         86          0          0          0       4528   stm32f4xx_hal_msp.o
      1312         64         16          0          0       6003   stm32f4xx_hal_rcc.o
      1690         88          0          0          0      16604   stm32f4xx_hal_tim.o
        84          0          0          0          0       2470   stm32f4xx_hal_tim_ex.o
      1536         22          0          0          0      10275   stm32f4xx_hal_uart.o
       128         42          0          0          0       8071   stm32f4xx_it.o
        84         18          0          4          0       1377   system_stm32f4xx.o

    ----------------------------------------------------------------------
     18564        996        448        428       1652     559625   Object Totals
         0          0         32          0          0          0   (incl. Generated)
        40          0          0          0          2          0   (incl. Padding)

    ----------------------------------------------------------------------

      Code (inc. data)   RO Data    RW Data    ZI Data      Debug   Library Member Name

       200         20          0          0          0        164   cos.o
       368         46         48          0          0        200   cos_i.o
        84         16          0          0          0        372   dunder.o
        24          0          0          0          0        124   fabs.o
        48          0          0          0          0        124   fpclassify.o
       248          0          0          0          0        152   poly.o
      1080        142        200          0          0        188   rred.o
       200         20          0          0          0        164   sin.o
       304         24         40          0          0        208   sin_i.o
        86          0          0          0          0          0   __dczerorl2.o
         0          0          0          0          0          0   entry.o
         0          0          0          0          0          0   entry10a.o
         0          0          0          0          0          0   entry11a.o
         8          4          0          0          0          0   entry2.o
         4          0          0          0          0          0   entry5.o
         0          0          0          0          0          0   entry7b.o
         0          0          0          0          0          0   entry8b.o
         8          4          0          0          0          0   entry9a.o
        12          6          0          4          0         68   errno.o
        18          0          0          0          0         80   fputc.o
        30          0          0          0          0          0   handlers.o
        36          8          0          0          0         68   init.o
         0          0          0          0          0          0   iusefp.o
         0          0          0          0          0          0   iusesemip.o
        30          0          0          0          0         68   llshl.o
        36          0          0          0          0         68   llsshr.o
        32          0          0          0          0         68   llushr.o
        36          0          0          0          0         68   memcpya.o
        50          8          0          0          0        152   printfb.o
         0          0          0          0          0          0   semi.o
         0          0          0          4          0          0   stdout.o
        48          0          0          0          0         68   cdrcmple.o
        56          0          0          0          0         88   d2f.o
       334          0          0          0          0        148   dadd.o
       222          0          0          0          0        100   ddiv.o
       186          0          0          0          0        176   depilogue.o
        62          0          0          0          0         80   dfixi.o
        50          0          0          0          0         76   dfixui.o
        34          0          0          0          0         76   dflti.o
        26          0          0          0          0         76   dfltui.o
       228          0          0          0          0         96   dmul.o
        38          0          0          0          0         68   f2d.o
       110          0          0          0          0        168   fepilogue.o

    ----------------------------------------------------------------------
      4356        298        288          8          0       3556   Library Totals
        20          0          0          0          0          0   (incl. Padding)

    ----------------------------------------------------------------------

      Code (inc. data)   RO Data    RW Data    ZI Data      Debug   Library Name

      2556        268        288          0          0       1696   m_wm.l
       386         30          0          8          0        640   mc_w.l
      1394          0          0          0          0       1220   mf_w.l

    ----------------------------------------------------------------------
      4356        298        288          8          0       3556   Library Totals

    ----------------------------------------------------------------------

==============================================================================


      Code (inc. data)   RO Data    RW Data    ZI Data      Debug   

     22920       1294        736        436       1652     545629   Grand Totals
     22920       1294        736         40       1652     545629   ELF Image Totals (compressed)
     22920       1294        736         40          0          0   ROM Totals

==============================================================================

    Total RO  Size (Code + RO Data)                23656 (  23.10kB)
    Total RW  Size (RW Data + ZI Data)              2088 (   2.04kB)
    Total ROM Size (Code + RO Data + RW Data)      23696 (  23.14kB)

==============================================================================

